INFO: [VRFC 10-2263] Analyzing SystemVerilog file "/home/tuna-gun/GradProject/RISC-V_EYE/RISC-V_EYE_Pipelined_Core/RISC-V_EYE_Pipelined_Core.srcs/sources_1/new/parameters.vh" into library xil_defaultlib
INFO: [VRFC 10-2263] Analyzing SystemVerilog file "/home/tuna-gun/GradProject/RISC-V_EYE/RISC-V_EYE_Pipelined_Core/RISC-V_EYE_Pipelined_Core.srcs/sources_1/new/alu_eye.sv" into library xil_defaultlib
INFO: [VRFC 10-311] analyzing module alu_eye
INFO: [VRFC 10-2263] Analyzing SystemVerilog file "/home/tuna-gun/GradProject/RISC-V_EYE/RISC-V_EYE_Pipelined_Core/RISC-V_EYE_Pipelined_Core.srcs/sources_1/new/bram_eye.sv" into library xil_defaultlib
INFO: [VRFC 10-311] analyzing module bram_eye
INFO: [VRFC 10-2263] Analyzing SystemVerilog file "/home/tuna-gun/GradProject/RISC-V_EYE/RISC-V_EYE_Pipelined_Core/RISC-V_EYE_Pipelined_Core.srcs/sources_1/new/control_unit_eye.sv" into library xil_defaultlib
INFO: [VRFC 10-311] analyzing module control_unit_eye
INFO: [VRFC 10-2263] Analyzing SystemVerilog file "/home/tuna-gun/GradProject/RISC-V_EYE/RISC-V_EYE_Pipelined_Core/RISC-V_EYE_Pipelined_Core.srcs/sources_1/new/decode_stage_eye.sv" into library xil_defaultlib
INFO: [VRFC 10-311] analyzing module decode_stage_eye
INFO: [VRFC 10-2263] Analyzing SystemVerilog file "/home/tuna-gun/GradProject/RISC-V_EYE/RISC-V_EYE_Pipelined_Core/RISC-V_EYE_Pipelined_Core.srcs/sources_1/new/execute_stage_eye.sv" into library xil_defaultlib
INFO: [VRFC 10-311] analyzing module execute_stage_eye
INFO: [VRFC 10-2263] Analyzing SystemVerilog file "/home/tuna-gun/GradProject/RISC-V_EYE/RISC-V_EYE_Pipelined_Core/RISC-V_EYE_Pipelined_Core.srcs/sources_1/new/hazard_unit_eye.sv" into library xil_defaultlib
INFO: [VRFC 10-311] analyzing module hazard_unit_eye
INFO: [VRFC 10-2263] Analyzing SystemVerilog file "/home/tuna-gun/GradProject/RISC-V_EYE/RISC-V_EYE_Pipelined_Core/RISC-V_EYE_Pipelined_Core.srcs/sources_1/new/immediate_extender_eye.sv" into library xil_defaultlib
INFO: [VRFC 10-311] analyzing module immediate_extender_eye
INFO: [VRFC 10-2263] Analyzing SystemVerilog file "/home/tuna-gun/GradProject/RISC-V_EYE/RISC-V_EYE_Pipelined_Core/RISC-V_EYE_Pipelined_Core.srcs/sources_1/new/memory_stage_eye.sv" into library xil_defaultlib
INFO: [VRFC 10-311] analyzing module memory_stage_eye
INFO: [VRFC 10-2263] Analyzing SystemVerilog file "/home/tuna-gun/GradProject/RISC-V_EYE/RISC-V_EYE_Pipelined_Core/RISC-V_EYE_Pipelined_Core.srcs/sources_1/new/pc_eye.sv" into library xil_defaultlib
INFO: [VRFC 10-311] analyzing module pc_eye
INFO: [VRFC 10-2263] Analyzing SystemVerilog file "/home/tuna-gun/GradProject/RISC-V_EYE/RISC-V_EYE_Pipelined_Core/RISC-V_EYE_Pipelined_Core.srcs/sources_1/new/pipeline_reg_ex_mem_eye.sv" into library xil_defaultlib
INFO: [VRFC 10-311] analyzing module pipeline_reg_ex_mem_eye
INFO: [VRFC 10-2263] Analyzing SystemVerilog file "/home/tuna-gun/GradProject/RISC-V_EYE/RISC-V_EYE_Pipelined_Core/RISC-V_EYE_Pipelined_Core.srcs/sources_1/new/pipeline_reg_id_ex_eye.sv" into library xil_defaultlib
INFO: [VRFC 10-311] analyzing module pipeline_reg_id_ex_eye
INFO: [VRFC 10-2263] Analyzing SystemVerilog file "/home/tuna-gun/GradProject/RISC-V_EYE/RISC-V_EYE_Pipelined_Core/RISC-V_EYE_Pipelined_Core.srcs/sources_1/new/pipeline_reg_if_id_eye.sv" into library xil_defaultlib
INFO: [VRFC 10-311] analyzing module pipeline_reg_if_id_eye
INFO: [VRFC 10-2263] Analyzing SystemVerilog file "/home/tuna-gun/GradProject/RISC-V_EYE/RISC-V_EYE_Pipelined_Core/RISC-V_EYE_Pipelined_Core.srcs/sources_1/new/pipeline_reg_mem_wb_eye.sv" into library xil_defaultlib
INFO: [VRFC 10-311] analyzing module pipeline_reg_mem_wb_eye
INFO: [VRFC 10-2263] Analyzing SystemVerilog file "/home/tuna-gun/GradProject/RISC-V_EYE/RISC-V_EYE_Pipelined_Core/RISC-V_EYE_Pipelined_Core.srcs/sources_1/new/register_file_eye.sv" into library xil_defaultlib
INFO: [VRFC 10-311] analyzing module register_file_eye
INFO: [VRFC 10-2263] Analyzing SystemVerilog file "/home/tuna-gun/GradProject/RISC-V_EYE/RISC-V_EYE_Pipelined_Core/RISC-V_EYE_Pipelined_Core.srcs/sources_1/new/risc_v_eye_top.sv" into library xil_defaultlib
INFO: [VRFC 10-311] analyzing module risc_v_eye_top
INFO: [VRFC 10-2263] Analyzing SystemVerilog file "/home/tuna-gun/GradProject/RISC-V_EYE/RISC-V_EYE_Pipelined_Core/RISC-V_EYE_Pipelined_Core.srcs/sources_1/new/system_top_eye.sv" into library xil_defaultlib
INFO: [VRFC 10-311] analyzing module system_top_eye
INFO: [VRFC 10-2263] Analyzing SystemVerilog file "/home/tuna-gun/GradProject/RISC-V_EYE/RISC-V_EYE_Pipelined_Core/RISC-V_EYE_Pipelined_Core.srcs/sources_1/new/writeback_stage_eye.sv" into library xil_defaultlib
INFO: [VRFC 10-311] analyzing module writeback_stage_eye
INFO: [VRFC 10-2263] Analyzing SystemVerilog file "/home/tuna-gun/GradProject/RISC-V_EYE/RISC-V_EYE_Pipelined_Core/RISC-V_EYE_Pipelined_Core.srcs/sim_1/new/system_top_tb.sv" into library xil_defaultlib
INFO: [VRFC 10-311] analyzing module system_top_tb
