
*** Running vivado
    with args -log design_1_axi_master_adapter_0_0.vds -m64 -product Vivado -mode batch -messageDb vivado.pb -notrace -source design_1_axi_master_adapter_0_0.tcl


****** Vivado v2024.2 (64-bit)
  **** SW Build 5239630 on Fri Nov 08 22:34:34 MST 2024
  **** IP Build 5239520 on Sun Nov 10 16:12:51 MST 2024
  **** SharedData Build 5239561 on Fri Nov 08 14:39:27 MST 2024
  **** Start of session at: Sat Jan 17 10:53:30 2026
    ** Copyright 1986-2022 Xilinx, Inc. All Rights Reserved.
    ** Copyright 2022-2024 Advanced Micro Devices, Inc. All Rights Reserved.

source design_1_axi_master_adapter_0_0.tcl -notrace
INFO: [IP_Flow 19-234] Refreshing IP repositories
INFO: [IP_Flow 19-1700] Loaded user IP repository '/tools/Xilinx/ip_repo'.
INFO: [IP_Flow 19-1700] Loaded user IP repository '/home/tuna-gun/GradProject/RISC-V_EYE/ip_repo/myip_1_0'.
INFO: [IP_Flow 19-2313] Loaded Vivado IP repository '/tools/Xilinx/Vivado/2024.2/data/ip'.
Command: synth_design -top design_1_axi_master_adapter_0_0 -part xc7z020clg400-1 -incremental_mode off -mode out_of_context
Starting synth_design
Attempting to get a license for feature 'Synthesis' and/or device 'xc7z020'
INFO: [Common 17-349] Got license for feature 'Synthesis' and/or device 'xc7z020'
INFO: [Designutils 20-5008] Incremental synthesis strategy off
INFO: [Synth 8-7079] Multithreading enabled for synth_design using a maximum of 7 processes.
INFO: [Synth 8-7078] Launching helper process for spawning children vivado processes
INFO: [Synth 8-7075] Helper process launched with PID 29868
---------------------------------------------------------------------------------
Starting Synthesize : Time (s): cpu = 00:00:06 ; elapsed = 00:00:06 . Memory (MB): peak = 1759.996 ; gain = 304.855 ; free physical = 2438 ; free virtual = 11923
---------------------------------------------------------------------------------
INFO: [Synth 8-6157] synthesizing module 'design_1_axi_master_adapter_0_0' [/home/tuna-gun/GradProject/RISC-V_EYE/RISC-V_EYE_Pipelined_Core/RISC-V_EYE_Pipelined_Core.gen/sources_1/bd/design_1/ip/design_1_axi_master_adapter_0_0/synth/design_1_axi_master_adapter_0_0.v:53]
INFO: [Synth 8-6157] synthesizing module 'axi_master_adapter' [/home/tuna-gun/GradProject/RISC-V_EYE/RISC-V_EYE_Pipelined_Core/RISC-V_EYE_Pipelined_Core.srcs/sources_1/new/axi_master_adapter.v:12]
INFO: [Synth 8-6155] done synthesizing module 'axi_master_adapter' (0#1) [/home/tuna-gun/GradProject/RISC-V_EYE/RISC-V_EYE_Pipelined_Core/RISC-V_EYE_Pipelined_Core.srcs/sources_1/new/axi_master_adapter.v:12]
INFO: [Synth 8-6155] done synthesizing module 'design_1_axi_master_adapter_0_0' (0#1) [/home/tuna-gun/GradProject/RISC-V_EYE/RISC-V_EYE_Pipelined_Core/RISC-V_EYE_Pipelined_Core.gen/sources_1/bd/design_1/ip/design_1_axi_master_adapter_0_0/synth/design_1_axi_master_adapter_0_0.v:53]
WARNING: [Synth 8-7129] Port m_axi_bresp[1] in module axi_master_adapter is either unconnected or has no load
WARNING: [Synth 8-7129] Port m_axi_bresp[0] in module axi_master_adapter is either unconnected or has no load
WARNING: [Synth 8-7129] Port m_axi_rresp[1] in module axi_master_adapter is either unconnected or has no load
WARNING: [Synth 8-7129] Port m_axi_rresp[0] in module axi_master_adapter is either unconnected or has no load
WARNING: [Synth 8-7129] Port m_axi_rlast in module axi_master_adapter is either unconnected or has no load
---------------------------------------------------------------------------------
Finished Synthesize : Time (s): cpu = 00:00:07 ; elapsed = 00:00:08 . Memory (MB): peak = 1831.965 ; gain = 376.824 ; free physical = 2349 ; free virtual = 11824
---------------------------------------------------------------------------------
---------------------------------------------------------------------------------
Finished Constraint Validation : Time (s): cpu = 00:00:08 ; elapsed = 00:00:09 . Memory (MB): peak = 1849.777 ; gain = 394.637 ; free physical = 2352 ; free virtual = 11830
---------------------------------------------------------------------------------
---------------------------------------------------------------------------------
Start Loading Part and Timing Information
---------------------------------------------------------------------------------
Loading part: xc7z020clg400-1
INFO: [Device 21-403] Loading part xc7z020clg400-1
---------------------------------------------------------------------------------
Finished Loading Part and Timing Information : Time (s): cpu = 00:00:08 ; elapsed = 00:00:09 . Memory (MB): peak = 1849.777 ; gain = 394.637 ; free physical = 2352 ; free virtual = 11830
---------------------------------------------------------------------------------
INFO: [Synth 8-802] inferred FSM for state register 'state_reg' in module 'axi_master_adapter'
---------------------------------------------------------------------------------------------------
                   State |                     New Encoding |                Previous Encoding 
---------------------------------------------------------------------------------------------------
                    IDLE |                              000 |                              000
              WRITE_ADDR |                              001 |                              001
              WRITE_RESP |                              010 |                              011
               READ_ADDR |                              011 |                              100
               READ_DATA |                              100 |                              101
---------------------------------------------------------------------------------------------------
INFO: [Synth 8-3354] encoded FSM with state register 'state_reg' using encoding 'sequential' in module 'axi_master_adapter'
---------------------------------------------------------------------------------
Finished RTL Optimization Phase 2 : Time (s): cpu = 00:00:09 ; elapsed = 00:00:09 . Memory (MB): peak = 1858.684 ; gain = 403.543 ; free physical = 2336 ; free virtual = 11815
---------------------------------------------------------------------------------
No constraint files found.
---------------------------------------------------------------------------------
Start RTL Component Statistics 
---------------------------------------------------------------------------------
Detailed RTL Component Info : 
+---Registers : 
	               32 Bit    Registers := 4     
	                1 Bit    Registers := 6     
+---Muxes : 
	   5 Input    3 Bit        Muxes := 1     
	   2 Input    3 Bit        Muxes := 1     
	   2 Input    1 Bit        Muxes := 3     
	   5 Input    1 Bit        Muxes := 15    
---------------------------------------------------------------------------------
Finished RTL Component Statistics 
---------------------------------------------------------------------------------
---------------------------------------------------------------------------------
Start Part Resource Summary
---------------------------------------------------------------------------------
Part Resources:
DSPs: 220 (col length:60)
BRAMs: 280 (col length: RAMB18 60 RAMB36 30)
---------------------------------------------------------------------------------
Finished Part Resource Summary
---------------------------------------------------------------------------------
No constraint files found.
---------------------------------------------------------------------------------
Start Cross Boundary and Area Optimization
---------------------------------------------------------------------------------
WARNING: [Synth 8-7080] Parallel synthesis criteria is not met
INFO: [Synth 8-3917] design design_1_axi_master_adapter_0_0 has port m_axi_awlen[7] driven by constant 0
INFO: [Synth 8-3917] design design_1_axi_master_adapter_0_0 has port m_axi_awlen[6] driven by constant 0
INFO: [Synth 8-3917] design design_1_axi_master_adapter_0_0 has port m_axi_awlen[5] driven by constant 0
INFO: [Synth 8-3917] design design_1_axi_master_adapter_0_0 has port m_axi_awlen[4] driven by constant 0
INFO: [Synth 8-3917] design design_1_axi_master_adapter_0_0 has port m_axi_awlen[3] driven by constant 0
INFO: [Synth 8-3917] design design_1_axi_master_adapter_0_0 has port m_axi_awlen[2] driven by constant 0
INFO: [Synth 8-3917] design design_1_axi_master_adapter_0_0 has port m_axi_awlen[1] driven by constant 0
INFO: [Synth 8-3917] design design_1_axi_master_adapter_0_0 has port m_axi_awlen[0] driven by constant 0
INFO: [Synth 8-3917] design design_1_axi_master_adapter_0_0 has port m_axi_awsize[2] driven by constant 0
INFO: [Synth 8-3917] design design_1_axi_master_adapter_0_0 has port m_axi_awsize[1] driven by constant 1
INFO: [Synth 8-3917] design design_1_axi_master_adapter_0_0 has port m_axi_awsize[0] driven by constant 0
INFO: [Synth 8-3917] design design_1_axi_master_adapter_0_0 has port m_axi_awburst[1] driven by constant 0
INFO: [Synth 8-3917] design design_1_axi_master_adapter_0_0 has port m_axi_awburst[0] driven by constant 1
INFO: [Synth 8-3917] design design_1_axi_master_adapter_0_0 has port m_axi_wstrb[3] driven by constant 1
INFO: [Synth 8-3917] design design_1_axi_master_adapter_0_0 has port m_axi_wstrb[2] driven by constant 1
INFO: [Synth 8-3917] design design_1_axi_master_adapter_0_0 has port m_axi_wstrb[1] driven by constant 1
INFO: [Synth 8-3917] design design_1_axi_master_adapter_0_0 has port m_axi_wstrb[0] driven by constant 1
INFO: [Synth 8-3917] design design_1_axi_master_adapter_0_0 has port m_axi_wlast driven by constant 1
INFO: [Synth 8-3917] design design_1_axi_master_adapter_0_0 has port m_axi_arlen[7] driven by constant 0
INFO: [Synth 8-3917] design design_1_axi_master_adapter_0_0 has port m_axi_arlen[6] driven by constant 0
INFO: [Synth 8-3917] design design_1_axi_master_adapter_0_0 has port m_axi_arlen[5] driven by constant 0
INFO: [Synth 8-3917] design design_1_axi_master_adapter_0_0 has port m_axi_arlen[4] driven by constant 0
INFO: [Synth 8-3917] design design_1_axi_master_adapter_0_0 has port m_axi_arlen[3] driven by constant 0
INFO: [Synth 8-3917] design design_1_axi_master_adapter_0_0 has port m_axi_arlen[2] driven by constant 0
INFO: [Synth 8-3917] design design_1_axi_master_adapter_0_0 has port m_axi_arlen[1] driven by constant 0
INFO: [Synth 8-3917] design design_1_axi_master_adapter_0_0 has port m_axi_arlen[0] driven by constant 0
INFO: [Synth 8-3917] design design_1_axi_master_adapter_0_0 has port m_axi_arsize[2] driven by constant 0
INFO: [Synth 8-3917] design design_1_axi_master_adapter_0_0 has port m_axi_arsize[1] driven by constant 1
INFO: [Synth 8-3917] design design_1_axi_master_adapter_0_0 has port m_axi_arsize[0] driven by constant 0
INFO: [Synth 8-3917] design design_1_axi_master_adapter_0_0 has port m_axi_arburst[1] driven by constant 0
INFO: [Synth 8-3917] design design_1_axi_master_adapter_0_0 has port m_axi_arburst[0] driven by constant 1
WARNING: [Synth 8-7129] Port m_axi_bresp[1] in module design_1_axi_master_adapter_0_0 is either unconnected or has no load
WARNING: [Synth 8-7129] Port m_axi_bresp[0] in module design_1_axi_master_adapter_0_0 is either unconnected or has no load
WARNING: [Synth 8-7129] Port m_axi_rresp[1] in module design_1_axi_master_adapter_0_0 is either unconnected or has no load
WARNING: [Synth 8-7129] Port m_axi_rresp[0] in module design_1_axi_master_adapter_0_0 is either unconnected or has no load
WARNING: [Synth 8-7129] Port m_axi_rlast in module design_1_axi_master_adapter_0_0 is either unconnected or has no load
---------------------------------------------------------------------------------
Finished Cross Boundary and Area Optimization : Time (s): cpu = 00:00:14 ; elapsed = 00:00:14 . Memory (MB): peak = 1994.574 ; gain = 539.434 ; free physical = 2105 ; free virtual = 11582
---------------------------------------------------------------------------------
No constraint files found.
---------------------------------------------------------------------------------
Start Timing Optimization
---------------------------------------------------------------------------------
---------------------------------------------------------------------------------
Finished Timing Optimization : Time (s): cpu = 00:00:14 ; elapsed = 00:00:15 . Memory (MB): peak = 2000.512 ; gain = 545.371 ; free physical = 2100 ; free virtual = 11578
---------------------------------------------------------------------------------
---------------------------------------------------------------------------------
Start Technology Mapping
---------------------------------------------------------------------------------
---------------------------------------------------------------------------------
Finished Technology Mapping : Time (s): cpu = 00:00:14 ; elapsed = 00:00:15 . Memory (MB): peak = 2008.520 ; gain = 553.379 ; free physical = 2093 ; free virtual = 11570
---------------------------------------------------------------------------------
---------------------------------------------------------------------------------
Start IO Insertion
---------------------------------------------------------------------------------
---------------------------------------------------------------------------------
Start Flattening Before IO Insertion
---------------------------------------------------------------------------------
---------------------------------------------------------------------------------
Finished Flattening Before IO Insertion
---------------------------------------------------------------------------------
---------------------------------------------------------------------------------
Start Final Netlist Cleanup
---------------------------------------------------------------------------------
---------------------------------------------------------------------------------
Finished Final Netlist Cleanup
---------------------------------------------------------------------------------
---------------------------------------------------------------------------------
Finished IO Insertion : Time (s): cpu = 00:00:18 ; elapsed = 00:00:19 . Memory (MB): peak = 2151.332 ; gain = 696.191 ; free physical = 1943 ; free virtual = 11449
---------------------------------------------------------------------------------
---------------------------------------------------------------------------------
Start Renaming Generated Instances
---------------------------------------------------------------------------------
---------------------------------------------------------------------------------
Finished Renaming Generated Instances : Time (s): cpu = 00:00:18 ; elapsed = 00:00:19 . Memory (MB): peak = 2151.332 ; gain = 696.191 ; free physical = 1943 ; free virtual = 11449
---------------------------------------------------------------------------------
---------------------------------------------------------------------------------
Start Rebuilding User Hierarchy
---------------------------------------------------------------------------------
---------------------------------------------------------------------------------
Finished Rebuilding User Hierarchy : Time (s): cpu = 00:00:18 ; elapsed = 00:00:19 . Memory (MB): peak = 2151.332 ; gain = 696.191 ; free physical = 1943 ; free virtual = 11449
---------------------------------------------------------------------------------
---------------------------------------------------------------------------------
Start Renaming Generated Ports
---------------------------------------------------------------------------------
---------------------------------------------------------------------------------
Finished Renaming Generated Ports : Time (s): cpu = 00:00:18 ; elapsed = 00:00:19 . Memory (MB): peak = 2151.332 ; gain = 696.191 ; free physical = 1943 ; free virtual = 11449
---------------------------------------------------------------------------------
---------------------------------------------------------------------------------
Start Handling Custom Attributes
---------------------------------------------------------------------------------
---------------------------------------------------------------------------------
Finished Handling Custom Attributes : Time (s): cpu = 00:00:18 ; elapsed = 00:00:19 . Memory (MB): peak = 2151.332 ; gain = 696.191 ; free physical = 1943 ; free virtual = 11449
---------------------------------------------------------------------------------
---------------------------------------------------------------------------------
Start Renaming Generated Nets
---------------------------------------------------------------------------------
---------------------------------------------------------------------------------
Finished Renaming Generated Nets : Time (s): cpu = 00:00:18 ; elapsed = 00:00:19 . Memory (MB): peak = 2151.332 ; gain = 696.191 ; free physical = 1943 ; free virtual = 11449
---------------------------------------------------------------------------------
---------------------------------------------------------------------------------
Start Writing Synthesis Report
---------------------------------------------------------------------------------

Report BlackBoxes: 
+-+--------------+----------+
| |BlackBox name |Instances |
+-+--------------+----------+
+-+--------------+----------+

Report Cell Usage: 
+------+-----+------+
|      |Cell |Count |
+------+-----+------+
|1     |LUT2 |     2|
|2     |LUT3 |     1|
|3     |LUT4 |     4|
|4     |LUT5 |     7|
|5     |LUT6 |     9|
|6     |FDRE |   137|
+------+-----+------+

Report Instance Areas: 
+------+---------+-------------------+------+
|      |Instance |Module             |Cells |
+------+---------+-------------------+------+
|1     |top      |                   |   160|
|2     |  inst   |axi_master_adapter |   160|
+------+---------+-------------------+------+
---------------------------------------------------------------------------------
Finished Writing Synthesis Report : Time (s): cpu = 00:00:18 ; elapsed = 00:00:19 . Memory (MB): peak = 2151.332 ; gain = 696.191 ; free physical = 1943 ; free virtual = 11449
---------------------------------------------------------------------------------
Synthesis finished with 0 errors, 0 critical warnings and 11 warnings.
Synthesis Optimization Runtime : Time (s): cpu = 00:00:18 ; elapsed = 00:00:19 . Memory (MB): peak = 2151.332 ; gain = 696.191 ; free physical = 1935 ; free virtual = 11441
Synthesis Optimization Complete : Time (s): cpu = 00:00:18 ; elapsed = 00:00:19 . Memory (MB): peak = 2151.340 ; gain = 696.191 ; free physical = 1935 ; free virtual = 11441
INFO: [Project 1-571] Translating synthesized netlist
Netlist sorting complete. Time (s): cpu = 00:00:00.01 ; elapsed = 00:00:00 . Memory (MB): peak = 2165.207 ; gain = 0.000 ; free physical = 1918 ; free virtual = 11422
INFO: [Project 1-570] Preparing netlist for logic optimization
INFO: [Opt 31-138] Pushed 0 inverter(s) to 0 load pin(s).
Netlist sorting complete. Time (s): cpu = 00:00:00 ; elapsed = 00:00:00 . Memory (MB): peak = 2283.750 ; gain = 0.000 ; free physical = 1845 ; free virtual = 11352
INFO: [Project 1-111] Unisim Transformation Summary:
No Unisim elements were transformed.

Synth Design complete | Checksum: 654ba098
INFO: [Common 17-83] Releasing license: Synthesis
52 Infos, 11 Warnings, 0 Critical Warnings and 0 Errors encountered.
synth_design completed successfully
synth_design: Time (s): cpu = 00:00:29 ; elapsed = 00:00:26 . Memory (MB): peak = 2283.750 ; gain = 844.621 ; free physical = 1845 ; free virtual = 11352
INFO: [Common 17-2834] synth_design peak Physical Memory [PSS] (MB): overall = 1416.860; main = 1416.860; forked = 226.482
INFO: [Common 17-2834] synth_design peak Virtual Memory [VSS] (MB): overall = 2784.574; main = 2283.754; forked = 916.980
INFO: [Timing 38-35] Done setting XDC timing constraints.
Write ShapeDB Complete: Time (s): cpu = 00:00:00 ; elapsed = 00:00:00 . Memory (MB): peak = 2626.715 ; gain = 0.000 ; free physical = 1748 ; free virtual = 11272
INFO: [Common 17-1381] The checkpoint '/home/tuna-gun/GradProject/RISC-V_EYE/RISC-V_EYE_Pipelined_Core/RISC-V_EYE_Pipelined_Core.runs/design_1_axi_master_adapter_0_0_synth_1/design_1_axi_master_adapter_0_0.dcp' has been generated.
write_checkpoint: Time (s): cpu = 00:00:09 ; elapsed = 00:00:09 . Memory (MB): peak = 2626.715 ; gain = 342.965 ; free physical = 1751 ; free virtual = 11276
INFO: [Vivado 12-24828] Executing command : report_utilization -file design_1_axi_master_adapter_0_0_utilization_synth.rpt -pb design_1_axi_master_adapter_0_0_utilization_synth.pb
INFO: [Common 17-206] Exiting Vivado at Sat Jan 17 10:54:11 2026...
