Copyright 1986-2022 Xilinx, Inc. All Rights Reserved. Copyright 2022-2024 Advanced Micro Devices, Inc. All Rights Reserved.
---------------------------------------------------------------------------------------------------------------------------------------------
| Tool Version : Vivado v.2024.2 (lin64) Build 5239630 Fri Nov 08 22:34:34 MST 2024
| Date         : Sat Feb 14 15:42:40 2026
| Host         : tunagun running 64-bit Ubuntu 24.04.4 LTS
| Command      : report_control_sets -verbose -file design_1_wrapper_control_sets_placed.rpt
| Design       : design_1_wrapper
| Device       : xc7z020
---------------------------------------------------------------------------------------------------------------------------------------------

Control Set Information

Table of Contents
-----------------
1. Summary
2. Histogram
3. Flip-Flop Distribution
4. Detailed Control Set Information

1. Summary
----------

+----------------------------------------------------------+-------+
|                          Status                          | Count |
+----------------------------------------------------------+-------+
| Total control sets                                       |    87 |
|    Minimum number of control sets                        |    87 |
|    Addition due to synthesis replication                 |     0 |
|    Addition due to physical synthesis replication        |     0 |
| Unused register locations in slices containing registers |   153 |
+----------------------------------------------------------+-------+
* Control sets can be merged at opt_design using control_set_merge or merge_equivalent_drivers
** Run report_qor_suggestions for automated merging and remapping suggestions


2. Histogram
------------

+--------------------+-------+
|       Fanout       | Count |
+--------------------+-------+
| Total control sets |    87 |
| >= 0 to < 4        |     1 |
| >= 4 to < 6        |    11 |
| >= 6 to < 8        |     3 |
| >= 8 to < 10       |    11 |
| >= 10 to < 12      |     8 |
| >= 12 to < 14      |     4 |
| >= 14 to < 16      |     1 |
| >= 16              |    48 |
+--------------------+-------+
* Control sets can be remapped at either synth_design or opt_design


3. Flip-Flop Distribution
-------------------------

+--------------+-----------------------+------------------------+-----------------+--------------+
| Clock Enable | Synchronous Set/Reset | Asynchronous Set/Reset | Total Registers | Total Slices |
+--------------+-----------------------+------------------------+-----------------+--------------+
| No           | No                    | No                     |              41 |           15 |
| No           | No                    | Yes                    |              42 |           12 |
| No           | Yes                   | No                     |              48 |           22 |
| Yes          | No                    | No                     |             220 |           39 |
| Yes          | No                    | Yes                    |            1579 |          558 |
| Yes          | Yes                   | No                     |             341 |           91 |
+--------------+-----------------------+------------------------+-----------------+--------------+


4. Detailed Control Set Information
-----------------------------------

+-------------------------------------------------+--------------------------------------------------------------------------------------------------------------------------------------------------------------------------------------------------------------------------------------------------------------+-------------------------------------------------------------------------------------------------------------------------------------------------------------------------------------------------------------------------------------------------------------------------------+------------------+----------------+--------------+
|                   Clock Signal                  |                                                                                                                         Enable Signal                                                                                                                        |                                                                                                                                Set/Reset Signal                                                                                                                               | Slice Load Count | Bel Load Count | Bels / Slice |
+-------------------------------------------------+--------------------------------------------------------------------------------------------------------------------------------------------------------------------------------------------------------------------------------------------------------------+-------------------------------------------------------------------------------------------------------------------------------------------------------------------------------------------------------------------------------------------------------------------------------+------------------+----------------+--------------+
|  design_1_i/processing_system7_0/inst/FCLK_CLK0 | design_1_i/axi_mem_intercon/s00_couplers/auto_pc/inst/gen_axi4_axi3.axi3_conv_inst/USE_READ.USE_SPLIT_R.read_addr_inst/USE_R_CHANNEL.cmd_queue/inst/fifo_gen_inst/inst_fifo_gen/gconvfifo.rf/grf.rf/gntv_or_sync_fifo.gl0.wr/gwss.wsts/E[0]                  |                                                                                                                                                                                                                                                                               |                1 |              2 |         2.00 |
|  design_1_i/processing_system7_0/inst/FCLK_CLK0 |                                                                                                                                                                                                                                                              | design_1_i/rst_ps7_0_50M/U0/EXT_LPF/lpf_int                                                                                                                                                                                                                                   |                2 |              4 |         2.00 |
|  design_1_i/processing_system7_0/inst/FCLK_CLK0 | design_1_i/axi_mem_intercon/s00_couplers/auto_pc/inst/gen_axi4_axi3.axi3_conv_inst/USE_WRITE.write_addr_inst/USE_BURSTS.cmd_queue/inst/fifo_gen_inst/inst_fifo_gen/gconvfifo.rf/grf.rf/rstblk/E[0]                                                           |                                                                                                                                                                                                                                                                               |                2 |              4 |         2.00 |
|  design_1_i/processing_system7_0/inst/FCLK_CLK0 | design_1_i/axi_mem_intercon/s00_couplers/auto_pc/inst/gen_axi4_axi3.axi3_conv_inst/USE_WRITE.write_addr_inst/USE_B_CHANNEL.cmd_b_queue/inst/E[0]                                                                                                             | design_1_i/axi_mem_intercon/s00_couplers/auto_pc/inst/gen_axi4_axi3.axi3_conv_inst/USE_WRITE.write_addr_inst/pushed_commands[3]_i_1_n_0                                                                                                                                       |                2 |              4 |         2.00 |
|  design_1_i/processing_system7_0/inst/FCLK_CLK0 | design_1_i/axi_mem_intercon/s00_couplers/auto_pc/inst/gen_axi4_axi3.axi3_conv_inst/USE_WRITE.write_addr_inst/USE_BURSTS.cmd_queue/inst/fifo_gen_inst/inst_fifo_gen/gconvfifo.rf/grf.rf/gntv_or_sync_fifo.gl0.rd/gr1.gr1_int.rfwft/E[0]                       |                                                                                                                                                                                                                                                                               |                1 |              4 |         4.00 |
|  design_1_i/processing_system7_0/inst/FCLK_CLK0 | design_1_i/axi_mem_intercon/s00_couplers/auto_pc/inst/gen_axi4_axi3.axi3_conv_inst/USE_READ.USE_SPLIT_R.read_addr_inst/USE_R_CHANNEL.cmd_queue/inst/E[0]                                                                                                     | design_1_i/axi_mem_intercon/s00_couplers/auto_pc/inst/gen_axi4_axi3.axi3_conv_inst/USE_READ.USE_SPLIT_R.read_addr_inst/pushed_commands[3]_i_1__0_n_0                                                                                                                          |                2 |              4 |         2.00 |
|  design_1_i/processing_system7_0/inst/FCLK_CLK0 | design_1_i/axi_mem_intercon/s00_couplers/auto_pc/inst/gen_axi4_axi3.axi3_conv_inst/USE_WRITE.USE_SPLIT_W.write_resp_inst/E[0]                                                                                                                                | design_1_i/axi_mem_intercon/s00_couplers/auto_pc/inst/gen_axi4_axi3.axi3_conv_inst/USE_WRITE.write_addr_inst/USE_BURSTS.cmd_queue/inst/SR[0]                                                                                                                                  |                2 |              5 |         2.50 |
|  design_1_i/processing_system7_0/inst/FCLK_CLK0 | design_1_i/axi_mem_intercon/s00_couplers/auto_us/inst/gen_upsizer.gen_full_upsizer.axi_upsizer_inst/USE_READ.read_addr_inst/GEN_CMD_QUEUE.cmd_queue/USE_RTL_ADDR.addr_q                                                                                      | design_1_i/axi_mem_intercon/s00_couplers/auto_us/inst/gen_upsizer.gen_full_upsizer.axi_upsizer_inst/USE_WRITE.gen_non_fifo_w_upsizer.write_data_inst/SR[0]                                                                                                                    |                2 |              5 |         2.50 |
|  design_1_i/processing_system7_0/inst/FCLK_CLK0 | design_1_i/axi_mem_intercon/s00_couplers/auto_pc/inst/gen_axi4_axi3.axi3_conv_inst/USE_WRITE.write_addr_inst/USE_B_CHANNEL.cmd_b_queue/inst/fifo_gen_inst/inst_fifo_gen/gconvfifo.rf/grf.rf/rstblk/E[0]                                                      |                                                                                                                                                                                                                                                                               |                2 |              5 |         2.50 |
|  design_1_i/processing_system7_0/inst/FCLK_CLK0 | design_1_i/axi_mem_intercon/s00_couplers/auto_us/inst/gen_upsizer.gen_full_upsizer.axi_upsizer_inst/USE_WRITE.write_addr_inst/GEN_CMD_QUEUE.cmd_queue/USE_RTL_ADDR.addr_q                                                                                    | design_1_i/axi_mem_intercon/s00_couplers/auto_us/inst/gen_upsizer.gen_full_upsizer.axi_upsizer_inst/USE_WRITE.gen_non_fifo_w_upsizer.write_data_inst/SR[0]                                                                                                                    |                1 |              5 |         5.00 |
|  design_1_i/processing_system7_0/inst/FCLK_CLK0 | design_1_i/axi_mem_intercon/s00_couplers/auto_pc/inst/gen_axi4_axi3.axi3_conv_inst/USE_WRITE.write_addr_inst/USE_B_CHANNEL.cmd_b_queue/inst/fifo_gen_inst/inst_fifo_gen/gconvfifo.rf/grf.rf/gntv_or_sync_fifo.gl0.rd/gr1.gr1_int.rfwft/E[0]                  |                                                                                                                                                                                                                                                                               |                1 |              5 |         5.00 |
|  design_1_i/processing_system7_0/inst/FCLK_CLK0 | design_1_i/axi_mem_intercon/s00_couplers/auto_us/inst/gen_upsizer.gen_full_upsizer.axi_upsizer_inst/USE_WRITE.write_addr_inst/GEN_CMD_QUEUE.cmd_queue/s_axi_wvalid_0[0]                                                                                      | design_1_i/axi_mem_intercon/s00_couplers/auto_us/inst/gen_upsizer.gen_full_upsizer.axi_upsizer_inst/USE_WRITE.gen_non_fifo_w_upsizer.write_data_inst/SR[0]                                                                                                                    |                2 |              5 |         2.50 |
|  design_1_i/processing_system7_0/inst/FCLK_CLK0 | design_1_i/rst_ps7_0_50M/U0/SEQ/seq_cnt_en                                                                                                                                                                                                                   | design_1_i/rst_ps7_0_50M/U0/SEQ/SEQ_COUNTER/clear                                                                                                                                                                                                                             |                1 |              6 |         6.00 |
|  design_1_i/processing_system7_0/inst/FCLK_CLK0 | design_1_i/axi_mem_intercon/s00_couplers/auto_pc/inst/gen_axi4_axi3.axi3_conv_inst/USE_WRITE.write_addr_inst/USE_BURSTS.cmd_queue/inst/m_axi_wready_0                                                                                                        | design_1_i/axi_mem_intercon/s00_couplers/auto_pc/inst/gen_axi4_axi3.axi3_conv_inst/USE_WRITE.write_addr_inst/USE_BURSTS.cmd_queue/inst/SR[0]                                                                                                                                  |                2 |              7 |         3.50 |
|  design_1_i/processing_system7_0/inst/FCLK_CLK0 | design_1_i/axi_mem_intercon/s00_couplers/auto_us/inst/gen_upsizer.gen_full_upsizer.axi_upsizer_inst/USE_READ.gen_non_fifo_r_upsizer.read_data_inst/E[0]                                                                                                      | design_1_i/axi_mem_intercon/s00_couplers/auto_us/inst/gen_upsizer.gen_full_upsizer.axi_upsizer_inst/USE_WRITE.gen_non_fifo_w_upsizer.write_data_inst/SR[0]                                                                                                                    |                3 |              7 |         2.33 |
|  design_1_i/processing_system7_0/inst/FCLK_CLK0 | design_1_i/axi_mem_intercon/s00_couplers/auto_us/inst/gen_upsizer.gen_full_upsizer.axi_upsizer_inst/USE_WRITE.gen_non_fifo_w_upsizer.write_data_inst/WORD_LANE[1].USE_ALWAYS_PACKER.BYTE_LANE[2].USE_RTL_DATA.USE_REGISTER.M_AXI_WDATA_I[55]_i_1_n_0         | design_1_i/axi_mem_intercon/s00_couplers/auto_us/inst/gen_upsizer.gen_full_upsizer.axi_upsizer_inst/USE_WRITE.gen_non_fifo_w_upsizer.write_data_inst/SR[0]                                                                                                                    |                3 |              8 |         2.67 |
|  design_1_i/processing_system7_0/inst/FCLK_CLK0 | design_1_i/axi_mem_intercon/s00_couplers/auto_pc/inst/gen_axi4_axi3.axi3_conv_inst/USE_WRITE.write_addr_inst/USE_B_CHANNEL.cmd_b_queue/inst/fifo_gen_inst/inst_fifo_gen/gconvfifo.rf/grf.rf/gntv_or_sync_fifo.gl0.wr/gwss.wsts/E[0]                          |                                                                                                                                                                                                                                                                               |                1 |              8 |         8.00 |
|  design_1_i/processing_system7_0/inst/FCLK_CLK0 | design_1_i/axi_mem_intercon/s00_couplers/auto_us/inst/gen_upsizer.gen_full_upsizer.axi_upsizer_inst/USE_WRITE.gen_non_fifo_w_upsizer.write_data_inst/WORD_LANE[0].USE_ALWAYS_PACKER.BYTE_LANE[0].USE_RTL_DATA.USE_REGISTER.M_AXI_WDATA_I[7]_i_1_n_0          | design_1_i/axi_mem_intercon/s00_couplers/auto_us/inst/gen_upsizer.gen_full_upsizer.axi_upsizer_inst/USE_WRITE.gen_non_fifo_w_upsizer.write_data_inst/SR[0]                                                                                                                    |                2 |              8 |         4.00 |
|  design_1_i/processing_system7_0/inst/FCLK_CLK0 | design_1_i/axi_mem_intercon/s00_couplers/auto_us/inst/gen_upsizer.gen_full_upsizer.axi_upsizer_inst/USE_WRITE.gen_non_fifo_w_upsizer.write_data_inst/WORD_LANE[0].USE_ALWAYS_PACKER.BYTE_LANE[1].USE_RTL_DATA.USE_REGISTER.M_AXI_WDATA_I[15]_i_1_n_0         | design_1_i/axi_mem_intercon/s00_couplers/auto_us/inst/gen_upsizer.gen_full_upsizer.axi_upsizer_inst/USE_WRITE.gen_non_fifo_w_upsizer.write_data_inst/SR[0]                                                                                                                    |                2 |              8 |         4.00 |
|  design_1_i/processing_system7_0/inst/FCLK_CLK0 | design_1_i/axi_mem_intercon/s00_couplers/auto_us/inst/gen_upsizer.gen_full_upsizer.axi_upsizer_inst/USE_WRITE.gen_non_fifo_w_upsizer.write_data_inst/WORD_LANE[0].USE_ALWAYS_PACKER.BYTE_LANE[2].USE_RTL_DATA.USE_REGISTER.M_AXI_WDATA_I[23]_i_1_n_0         | design_1_i/axi_mem_intercon/s00_couplers/auto_us/inst/gen_upsizer.gen_full_upsizer.axi_upsizer_inst/USE_WRITE.gen_non_fifo_w_upsizer.write_data_inst/SR[0]                                                                                                                    |                2 |              8 |         4.00 |
|  design_1_i/processing_system7_0/inst/FCLK_CLK0 | design_1_i/axi_mem_intercon/s00_couplers/auto_us/inst/gen_upsizer.gen_full_upsizer.axi_upsizer_inst/USE_WRITE.gen_non_fifo_w_upsizer.write_data_inst/WORD_LANE[0].USE_ALWAYS_PACKER.BYTE_LANE[3].USE_RTL_DATA.USE_REGISTER.M_AXI_WDATA_I[31]_i_1_n_0         | design_1_i/axi_mem_intercon/s00_couplers/auto_us/inst/gen_upsizer.gen_full_upsizer.axi_upsizer_inst/USE_WRITE.gen_non_fifo_w_upsizer.write_data_inst/SR[0]                                                                                                                    |                2 |              8 |         4.00 |
|  design_1_i/processing_system7_0/inst/FCLK_CLK0 | design_1_i/axi_mem_intercon/s00_couplers/auto_us/inst/gen_upsizer.gen_full_upsizer.axi_upsizer_inst/USE_WRITE.gen_non_fifo_w_upsizer.write_data_inst/WORD_LANE[1].USE_ALWAYS_PACKER.BYTE_LANE[0].USE_RTL_DATA.USE_REGISTER.M_AXI_WDATA_I[39]_i_1_n_0         | design_1_i/axi_mem_intercon/s00_couplers/auto_us/inst/gen_upsizer.gen_full_upsizer.axi_upsizer_inst/USE_WRITE.gen_non_fifo_w_upsizer.write_data_inst/SR[0]                                                                                                                    |                2 |              8 |         4.00 |
|  design_1_i/processing_system7_0/inst/FCLK_CLK0 | design_1_i/axi_mem_intercon/s00_couplers/auto_us/inst/gen_upsizer.gen_full_upsizer.axi_upsizer_inst/USE_WRITE.gen_non_fifo_w_upsizer.write_data_inst/WORD_LANE[1].USE_ALWAYS_PACKER.BYTE_LANE[1].USE_RTL_DATA.USE_REGISTER.M_AXI_WDATA_I[47]_i_1_n_0         | design_1_i/axi_mem_intercon/s00_couplers/auto_us/inst/gen_upsizer.gen_full_upsizer.axi_upsizer_inst/USE_WRITE.gen_non_fifo_w_upsizer.write_data_inst/SR[0]                                                                                                                    |                2 |              8 |         4.00 |
|  design_1_i/processing_system7_0/inst/FCLK_CLK0 | design_1_i/axi_mem_intercon/s00_couplers/auto_us/inst/gen_upsizer.gen_full_upsizer.axi_upsizer_inst/USE_WRITE.gen_non_fifo_w_upsizer.write_data_inst/WORD_LANE[1].USE_ALWAYS_PACKER.BYTE_LANE[3].USE_RTL_DATA.USE_REGISTER.M_AXI_WDATA_I[63]_i_2_n_0         | design_1_i/axi_mem_intercon/s00_couplers/auto_us/inst/gen_upsizer.gen_full_upsizer.axi_upsizer_inst/USE_WRITE.gen_non_fifo_w_upsizer.write_data_inst/SR[0]                                                                                                                    |                3 |              8 |         2.67 |
|  design_1_i/processing_system7_0/inst/FCLK_CLK0 | design_1_i/axi_mem_intercon/s00_couplers/auto_pc/inst/gen_axi4_axi3.axi3_conv_inst/USE_WRITE.write_addr_inst/USE_BURSTS.cmd_queue/inst/fifo_gen_inst/inst_fifo_gen/gconvfifo.rf/grf.rf/gntv_or_sync_fifo.gl0.wr/gwss.wsts/E[0]                               |                                                                                                                                                                                                                                                                               |                1 |              8 |         8.00 |
|  design_1_i/processing_system7_0/inst/FCLK_CLK0 |                                                                                                                                                                                                                                                              | design_1_i/rst_ps7_0_50M/U0/peripheral_aresetn[0]                                                                                                                                                                                                                             |                5 |              9 |         1.80 |
|  design_1_i/processing_system7_0/inst/FCLK_CLK0 | design_1_i/axi_mem_intercon/s00_couplers/auto_pc/inst/gen_axi4_axi3.axi3_conv_inst/USE_WRITE.write_addr_inst/USE_BURSTS.cmd_queue/inst/fifo_gen_inst/inst_fifo_gen/gconvfifo.rf/grf.rf/gntv_or_sync_fifo.gl0.wr/gwss.wsts/E[0]                               | design_1_i/axi_mem_intercon/s00_couplers/auto_pc/inst/gen_axi4_axi3.axi3_conv_inst/USE_WRITE.write_addr_inst/USE_BURSTS.cmd_queue/inst/fifo_gen_inst/inst_fifo_gen/gconvfifo.rf/grf.rf/rstblk/AR[0]                                                                           |                3 |             10 |         3.33 |
|  design_1_i/processing_system7_0/inst/FCLK_CLK0 | design_1_i/axi_mem_intercon/s00_couplers/auto_pc/inst/gen_axi4_axi3.axi3_conv_inst/USE_WRITE.write_addr_inst/USE_BURSTS.cmd_queue/inst/fifo_gen_inst/inst_fifo_gen/gconvfifo.rf/grf.rf/gntv_or_sync_fifo.gl0.rd/gr1.gr1_int.rfwft/ram_empty_fb_i_reg[0]      | design_1_i/axi_mem_intercon/s00_couplers/auto_pc/inst/gen_axi4_axi3.axi3_conv_inst/USE_WRITE.write_addr_inst/USE_BURSTS.cmd_queue/inst/fifo_gen_inst/inst_fifo_gen/gconvfifo.rf/grf.rf/rstblk/AR[0]                                                                           |                2 |             10 |         5.00 |
|  design_1_i/processing_system7_0/inst/FCLK_CLK0 | design_1_i/axi_mem_intercon/s00_couplers/auto_pc/inst/gen_axi4_axi3.axi3_conv_inst/USE_WRITE.write_addr_inst/USE_B_CHANNEL.cmd_b_queue/inst/fifo_gen_inst/inst_fifo_gen/gconvfifo.rf/grf.rf/gntv_or_sync_fifo.gl0.wr/gwss.wsts/E[0]                          | design_1_i/axi_mem_intercon/s00_couplers/auto_pc/inst/gen_axi4_axi3.axi3_conv_inst/USE_WRITE.write_addr_inst/USE_B_CHANNEL.cmd_b_queue/inst/fifo_gen_inst/inst_fifo_gen/gconvfifo.rf/grf.rf/rstblk/AR[0]                                                                      |                3 |             10 |         3.33 |
|  design_1_i/processing_system7_0/inst/FCLK_CLK0 | design_1_i/axi_mem_intercon/s00_couplers/auto_pc/inst/gen_axi4_axi3.axi3_conv_inst/USE_WRITE.write_addr_inst/USE_B_CHANNEL.cmd_b_queue/inst/fifo_gen_inst/inst_fifo_gen/gconvfifo.rf/grf.rf/gntv_or_sync_fifo.gl0.rd/gr1.gr1_int.rfwft/ram_empty_fb_i_reg[0] | design_1_i/axi_mem_intercon/s00_couplers/auto_pc/inst/gen_axi4_axi3.axi3_conv_inst/USE_WRITE.write_addr_inst/USE_B_CHANNEL.cmd_b_queue/inst/fifo_gen_inst/inst_fifo_gen/gconvfifo.rf/grf.rf/rstblk/AR[0]                                                                      |                3 |             10 |         3.33 |
|  design_1_i/processing_system7_0/inst/FCLK_CLK0 | design_1_i/axi_mem_intercon/s00_couplers/auto_us/inst/gen_upsizer.gen_full_upsizer.axi_upsizer_inst/USE_WRITE.write_addr_inst/GEN_CMD_QUEUE.cmd_queue/valid_Write                                                                                            |                                                                                                                                                                                                                                                                               |                3 |             10 |         3.33 |
|  design_1_i/processing_system7_0/inst/FCLK_CLK0 | design_1_i/axi_mem_intercon/s00_couplers/auto_pc/inst/gen_axi4_axi3.axi3_conv_inst/USE_READ.USE_SPLIT_R.read_addr_inst/USE_R_CHANNEL.cmd_queue/inst/fifo_gen_inst/inst_fifo_gen/gconvfifo.rf/grf.rf/gntv_or_sync_fifo.gl0.wr/gwss.wsts/E[0]                  | design_1_i/axi_mem_intercon/s00_couplers/auto_pc/inst/gen_axi4_axi3.axi3_conv_inst/USE_READ.USE_SPLIT_R.read_addr_inst/USE_R_CHANNEL.cmd_queue/inst/fifo_gen_inst/inst_fifo_gen/gconvfifo.rf/grf.rf/rstblk/ngwrdrst.grst.g7serrst.gnsckt_wrst.gcc_rst.sckt_wr_rst_cc_reg[1]_0 |                2 |             10 |         5.00 |
|  design_1_i/processing_system7_0/inst/FCLK_CLK0 | design_1_i/axi_mem_intercon/s00_couplers/auto_pc/inst/gen_axi4_axi3.axi3_conv_inst/USE_READ.USE_SPLIT_R.read_addr_inst/USE_R_CHANNEL.cmd_queue/inst/fifo_gen_inst/inst_fifo_gen/gconvfifo.rf/grf.rf/gntv_or_sync_fifo.gl0.rd/gr1.gr1_int.rfwft/E[0]          | design_1_i/axi_mem_intercon/s00_couplers/auto_pc/inst/gen_axi4_axi3.axi3_conv_inst/USE_READ.USE_SPLIT_R.read_addr_inst/USE_R_CHANNEL.cmd_queue/inst/fifo_gen_inst/inst_fifo_gen/gconvfifo.rf/grf.rf/rstblk/ngwrdrst.grst.g7serrst.gnsckt_wrst.gcc_rst.sckt_wr_rst_cc_reg[1]_0 |                3 |             10 |         3.33 |
|  design_1_i/processing_system7_0/inst/FCLK_CLK0 | design_1_i/axi_mem_intercon/s00_couplers/auto_us/inst/gen_upsizer.gen_full_upsizer.axi_upsizer_inst/USE_WRITE.write_addr_inst/GEN_CMD_QUEUE.cmd_queue/M_READY_I                                                                                              | design_1_i/axi_mem_intercon/s00_couplers/auto_us/inst/gen_upsizer.gen_full_upsizer.axi_upsizer_inst/USE_WRITE.gen_non_fifo_w_upsizer.write_data_inst/SR[0]                                                                                                                    |                4 |             11 |         2.75 |
|  design_1_i/processing_system7_0/inst/FCLK_CLK0 |                                                                                                                                                                                                                                                              | design_1_i/axi_mem_intercon/s00_couplers/auto_pc/inst/gen_axi4_axi3.axi3_conv_inst/USE_WRITE.write_addr_inst/USE_BURSTS.cmd_queue/inst/fifo_gen_inst/inst_fifo_gen/gconvfifo.rf/grf.rf/rstblk/AR[0]                                                                           |                3 |             12 |         4.00 |
|  design_1_i/processing_system7_0/inst/FCLK_CLK0 |                                                                                                                                                                                                                                                              | design_1_i/axi_mem_intercon/s00_couplers/auto_pc/inst/gen_axi4_axi3.axi3_conv_inst/USE_READ.USE_SPLIT_R.read_addr_inst/USE_R_CHANNEL.cmd_queue/inst/fifo_gen_inst/inst_fifo_gen/gconvfifo.rf/grf.rf/rstblk/ngwrdrst.grst.g7serrst.gnsckt_wrst.gcc_rst.sckt_wr_rst_cc_reg[1]_0 |                2 |             12 |         6.00 |
|  design_1_i/processing_system7_0/inst/FCLK_CLK0 |                                                                                                                                                                                                                                                              | design_1_i/axi_mem_intercon/s00_couplers/auto_pc/inst/gen_axi4_axi3.axi3_conv_inst/USE_WRITE.write_addr_inst/USE_B_CHANNEL.cmd_b_queue/inst/fifo_gen_inst/inst_fifo_gen/gconvfifo.rf/grf.rf/rstblk/AR[0]                                                                      |                4 |             12 |         3.00 |
|  design_1_i/processing_system7_0/inst/FCLK_CLK0 |                                                                                                                                                                                                                                                              | design_1_i/axi_mem_intercon/s00_couplers/auto_pc/inst/gen_axi4_axi3.axi3_conv_inst/USE_WRITE.write_addr_inst/USE_BURSTS.cmd_queue/inst/SR[0]                                                                                                                                  |                6 |             12 |         2.00 |
|  design_1_i/processing_system7_0/inst/FCLK_CLK0 | design_1_i/axi_mem_intercon/s00_couplers/auto_us/inst/gen_upsizer.gen_full_upsizer.axi_upsizer_inst/USE_READ.read_addr_inst/GEN_CMD_QUEUE.cmd_queue/valid_Write                                                                                              |                                                                                                                                                                                                                                                                               |                4 |             15 |         3.75 |
|  design_1_i/processing_system7_0/inst/FCLK_CLK0 | design_1_i/axi_mem_intercon/s00_couplers/auto_us/inst/gen_upsizer.gen_full_upsizer.axi_upsizer_inst/USE_READ.read_addr_inst/GEN_CMD_QUEUE.cmd_queue/M_READY_I                                                                                                | design_1_i/axi_mem_intercon/s00_couplers/auto_us/inst/gen_upsizer.gen_full_upsizer.axi_upsizer_inst/USE_WRITE.gen_non_fifo_w_upsizer.write_data_inst/SR[0]                                                                                                                    |                5 |             16 |         3.20 |
|  design_1_i/processing_system7_0/inst/FCLK_CLK0 |                                                                                                                                                                                                                                                              | design_1_i/axi_mem_intercon/s00_couplers/auto_us/inst/gen_upsizer.gen_full_upsizer.axi_upsizer_inst/USE_WRITE.gen_non_fifo_w_upsizer.write_data_inst/SR[0]                                                                                                                    |               12 |             29 |         2.42 |
|  design_1_i/processing_system7_0/inst/FCLK_CLK0 | design_1_i/RISCV_EYE_CORE_0/inst/inst_sv_top/core_inst/decode_stage_inst/register_file_inst/registers[28][31]_i_1_n_0                                                                                                                                        | design_1_i/rst_ps7_0_50M/U0/peripheral_aresetn[0]                                                                                                                                                                                                                             |               15 |             32 |         2.13 |
|  design_1_i/processing_system7_0/inst/FCLK_CLK0 | design_1_i/RISCV_EYE_CORE_0/inst/inst_sv_top/core_inst/decode_stage_inst/register_file_inst/registers[27][31]_i_1_n_0                                                                                                                                        | design_1_i/rst_ps7_0_50M/U0/peripheral_aresetn[0]                                                                                                                                                                                                                             |               11 |             32 |         2.91 |
|  design_1_i/processing_system7_0/inst/FCLK_CLK0 | design_1_i/RISCV_EYE_CORE_0/inst/inst_sv_top/core_inst/decode_stage_inst/register_file_inst/registers[29][31]_i_1_n_0                                                                                                                                        | design_1_i/rst_ps7_0_50M/U0/peripheral_aresetn[0]                                                                                                                                                                                                                             |               19 |             32 |         1.68 |
|  design_1_i/processing_system7_0/inst/FCLK_CLK0 | design_1_i/RISCV_EYE_CORE_0/inst/inst_sv_top/core_inst/decode_stage_inst/register_file_inst/registers[2][31]_i_1_n_0                                                                                                                                         | design_1_i/rst_ps7_0_50M/U0/peripheral_aresetn[0]                                                                                                                                                                                                                             |               12 |             32 |         2.67 |
|  design_1_i/processing_system7_0/inst/FCLK_CLK0 | design_1_i/RISCV_EYE_CORE_0/inst/inst_sv_top/core_inst/decode_stage_inst/register_file_inst/registers[30][31]_i_1_n_0                                                                                                                                        | design_1_i/rst_ps7_0_50M/U0/peripheral_aresetn[0]                                                                                                                                                                                                                             |               22 |             32 |         1.45 |
|  design_1_i/processing_system7_0/inst/FCLK_CLK0 | design_1_i/RISCV_EYE_CORE_0/inst/inst_sv_top/core_inst/decode_stage_inst/register_file_inst/registers[22][31]_i_1_n_0                                                                                                                                        | design_1_i/rst_ps7_0_50M/U0/peripheral_aresetn[0]                                                                                                                                                                                                                             |               13 |             32 |         2.46 |
|  design_1_i/processing_system7_0/inst/FCLK_CLK0 | design_1_i/RISCV_EYE_CORE_0/inst/inst_sv_top/core_inst/decode_stage_inst/register_file_inst/registers[31][31]_i_1_n_0                                                                                                                                        | design_1_i/rst_ps7_0_50M/U0/peripheral_aresetn[0]                                                                                                                                                                                                                             |               14 |             32 |         2.29 |
|  design_1_i/processing_system7_0/inst/FCLK_CLK0 | design_1_i/RISCV_EYE_CORE_0/inst/inst_sv_top/core_inst/decode_stage_inst/register_file_inst/registers[3][31]_i_1_n_0                                                                                                                                         | design_1_i/rst_ps7_0_50M/U0/peripheral_aresetn[0]                                                                                                                                                                                                                             |               16 |             32 |         2.00 |
|  design_1_i/processing_system7_0/inst/FCLK_CLK0 | design_1_i/RISCV_EYE_CORE_0/inst/inst_sv_top/core_inst/decode_stage_inst/register_file_inst/registers[4][31]_i_1_n_0                                                                                                                                         | design_1_i/rst_ps7_0_50M/U0/peripheral_aresetn[0]                                                                                                                                                                                                                             |               16 |             32 |         2.00 |
|  design_1_i/processing_system7_0/inst/FCLK_CLK0 | design_1_i/RISCV_EYE_CORE_0/inst/inst_sv_top/core_inst/decode_stage_inst/register_file_inst/registers[5][31]_i_1_n_0                                                                                                                                         | design_1_i/rst_ps7_0_50M/U0/peripheral_aresetn[0]                                                                                                                                                                                                                             |               19 |             32 |         1.68 |
|  design_1_i/processing_system7_0/inst/FCLK_CLK0 | design_1_i/RISCV_EYE_CORE_0/inst/inst_sv_top/core_inst/decode_stage_inst/register_file_inst/registers[6][31]_i_1_n_0                                                                                                                                         | design_1_i/rst_ps7_0_50M/U0/peripheral_aresetn[0]                                                                                                                                                                                                                             |               16 |             32 |         2.00 |
|  design_1_i/processing_system7_0/inst/FCLK_CLK0 | design_1_i/RISCV_EYE_CORE_0/inst/inst_sv_top/core_inst/decode_stage_inst/register_file_inst/registers[7][31]_i_1_n_0                                                                                                                                         | design_1_i/rst_ps7_0_50M/U0/peripheral_aresetn[0]                                                                                                                                                                                                                             |               15 |             32 |         2.13 |
|  design_1_i/processing_system7_0/inst/FCLK_CLK0 | design_1_i/RISCV_EYE_CORE_0/inst/inst_sv_top/core_inst/decode_stage_inst/register_file_inst/registers[8][31]_i_1_n_0                                                                                                                                         | design_1_i/rst_ps7_0_50M/U0/peripheral_aresetn[0]                                                                                                                                                                                                                             |               19 |             32 |         1.68 |
|  design_1_i/processing_system7_0/inst/FCLK_CLK0 | design_1_i/RISCV_EYE_CORE_0/inst/inst_sv_top/core_inst/decode_stage_inst/register_file_inst/registers[9][31]_i_1_n_0                                                                                                                                         | design_1_i/rst_ps7_0_50M/U0/peripheral_aresetn[0]                                                                                                                                                                                                                             |               15 |             32 |         2.13 |
|  design_1_i/processing_system7_0/inst/FCLK_CLK0 | design_1_i/RISCV_EYE_CORE_0/inst/inst_sv_top/core_inst/fetch_stage_inst/p_0_in                                                                                                                                                                               | design_1_i/rst_ps7_0_50M/U0/peripheral_aresetn[0]                                                                                                                                                                                                                             |                7 |             32 |         4.57 |
|  design_1_i/processing_system7_0/inst/FCLK_CLK0 | design_1_i/RISCV_EYE_CORE_0/inst/inst_sv_top/core_inst/decode_stage_inst/register_file_inst/registers[26][31]_i_1_n_0                                                                                                                                        | design_1_i/rst_ps7_0_50M/U0/peripheral_aresetn[0]                                                                                                                                                                                                                             |                7 |             32 |         4.57 |
|  design_1_i/processing_system7_0/inst/FCLK_CLK0 | design_1_i/RISCV_EYE_CORE_0/inst/inst_sv_top/core_inst/decode_stage_inst/register_file_inst/registers[21][31]_i_1_n_0                                                                                                                                        | design_1_i/rst_ps7_0_50M/U0/peripheral_aresetn[0]                                                                                                                                                                                                                             |               12 |             32 |         2.67 |
|  design_1_i/processing_system7_0/inst/FCLK_CLK0 | design_1_i/RISCV_EYE_CORE_0/inst/inst_sv_top/core_inst/decode_stage_inst/register_file_inst/registers[20][31]_i_1_n_0                                                                                                                                        | design_1_i/rst_ps7_0_50M/U0/peripheral_aresetn[0]                                                                                                                                                                                                                             |               12 |             32 |         2.67 |
|  design_1_i/processing_system7_0/inst/FCLK_CLK0 | design_1_i/RISCV_EYE_CORE_0/inst/inst_sv_top/core_inst/decode_stage_inst/register_file_inst/registers[1][31]_i_1_n_0                                                                                                                                         | design_1_i/rst_ps7_0_50M/U0/peripheral_aresetn[0]                                                                                                                                                                                                                             |               10 |             32 |         3.20 |
|  design_1_i/processing_system7_0/inst/FCLK_CLK0 | design_1_i/RISCV_EYE_CORE_0/inst/inst_sv_top/core_inst/decode_stage_inst/register_file_inst/registers[19][31]_i_1_n_0                                                                                                                                        | design_1_i/rst_ps7_0_50M/U0/peripheral_aresetn[0]                                                                                                                                                                                                                             |               14 |             32 |         2.29 |
|  design_1_i/processing_system7_0/inst/FCLK_CLK0 | design_1_i/RISCV_EYE_CORE_0/inst/inst_sv_top/core_inst/decode_stage_inst/register_file_inst/registers[18][31]_i_1_n_0                                                                                                                                        | design_1_i/rst_ps7_0_50M/U0/peripheral_aresetn[0]                                                                                                                                                                                                                             |               10 |             32 |         3.20 |
|  design_1_i/processing_system7_0/inst/FCLK_CLK0 | design_1_i/RISCV_EYE_CORE_0/inst/inst_sv_top/core_inst/decode_stage_inst/register_file_inst/registers[17][31]_i_1_n_0                                                                                                                                        | design_1_i/rst_ps7_0_50M/U0/peripheral_aresetn[0]                                                                                                                                                                                                                             |               13 |             32 |         2.46 |
|  design_1_i/processing_system7_0/inst/FCLK_CLK0 | design_1_i/RISCV_EYE_CORE_0/inst/inst_sv_top/core_inst/decode_stage_inst/register_file_inst/registers[16][31]_i_1_n_0                                                                                                                                        | design_1_i/rst_ps7_0_50M/U0/peripheral_aresetn[0]                                                                                                                                                                                                                             |               11 |             32 |         2.91 |
|  design_1_i/processing_system7_0/inst/FCLK_CLK0 | design_1_i/RISCV_EYE_CORE_0/inst/inst_sv_top/core_inst/decode_stage_inst/register_file_inst/registers[15][31]_i_1_n_0                                                                                                                                        | design_1_i/rst_ps7_0_50M/U0/peripheral_aresetn[0]                                                                                                                                                                                                                             |               15 |             32 |         2.13 |
|  design_1_i/processing_system7_0/inst/FCLK_CLK0 | design_1_i/RISCV_EYE_CORE_0/inst/inst_sv_top/core_inst/decode_stage_inst/register_file_inst/registers[14][31]_i_1_n_0                                                                                                                                        | design_1_i/rst_ps7_0_50M/U0/peripheral_aresetn[0]                                                                                                                                                                                                                             |               15 |             32 |         2.13 |
|  design_1_i/processing_system7_0/inst/FCLK_CLK0 | design_1_i/RISCV_EYE_CORE_0/inst/inst_sv_top/core_inst/decode_stage_inst/register_file_inst/registers[13][31]_i_1_n_0                                                                                                                                        | design_1_i/rst_ps7_0_50M/U0/peripheral_aresetn[0]                                                                                                                                                                                                                             |               11 |             32 |         2.91 |
|  design_1_i/processing_system7_0/inst/FCLK_CLK0 | design_1_i/RISCV_EYE_CORE_0/inst/inst_sv_top/core_inst/decode_stage_inst/register_file_inst/registers[12][31]_i_1_n_0                                                                                                                                        | design_1_i/rst_ps7_0_50M/U0/peripheral_aresetn[0]                                                                                                                                                                                                                             |               12 |             32 |         2.67 |
|  design_1_i/processing_system7_0/inst/FCLK_CLK0 | design_1_i/RISCV_EYE_CORE_0/inst/inst_sv_top/core_inst/decode_stage_inst/register_file_inst/registers[11][31]_i_1_n_0                                                                                                                                        | design_1_i/rst_ps7_0_50M/U0/peripheral_aresetn[0]                                                                                                                                                                                                                             |                9 |             32 |         3.56 |
|  design_1_i/processing_system7_0/inst/FCLK_CLK0 | design_1_i/RISCV_EYE_CORE_0/inst/inst_sv_top/core_inst/decode_stage_inst/register_file_inst/registers[10][31]_i_1_n_0                                                                                                                                        | design_1_i/rst_ps7_0_50M/U0/peripheral_aresetn[0]                                                                                                                                                                                                                             |                9 |             32 |         3.56 |
|  design_1_i/processing_system7_0/inst/FCLK_CLK0 | design_1_i/axi_master_adapter_0/inst/m_axi_araddr[31]_i_1_n_0                                                                                                                                                                                                | design_1_i/rst_ps7_0_50M/U0/peripheral_aresetn[0]                                                                                                                                                                                                                             |                8 |             32 |         4.00 |
|  design_1_i/processing_system7_0/inst/FCLK_CLK0 | design_1_i/axi_master_adapter_0/inst/user_rdata[31]_i_1_n_0                                                                                                                                                                                                  | design_1_i/rst_ps7_0_50M/U0/peripheral_aresetn[0]                                                                                                                                                                                                                             |               10 |             32 |         3.20 |
|  design_1_i/processing_system7_0/inst/FCLK_CLK0 | design_1_i/RISCV_EYE_CORE_0/inst/inst_sv_top/core_inst/decode_stage_inst/register_file_inst/registers[23][31]_i_1_n_0                                                                                                                                        | design_1_i/rst_ps7_0_50M/U0/peripheral_aresetn[0]                                                                                                                                                                                                                             |               12 |             32 |         2.67 |
|  design_1_i/processing_system7_0/inst/FCLK_CLK0 | design_1_i/RISCV_EYE_CORE_0/inst/inst_sv_top/core_inst/decode_stage_inst/register_file_inst/registers[24][31]_i_1_n_0                                                                                                                                        | design_1_i/rst_ps7_0_50M/U0/peripheral_aresetn[0]                                                                                                                                                                                                                             |                8 |             32 |         4.00 |
|  design_1_i/processing_system7_0/inst/FCLK_CLK0 | design_1_i/RISCV_EYE_CORE_0/inst/inst_sv_top/core_inst/decode_stage_inst/register_file_inst/registers[25][31]_i_1_n_0                                                                                                                                        | design_1_i/rst_ps7_0_50M/U0/peripheral_aresetn[0]                                                                                                                                                                                                                             |               12 |             32 |         2.67 |
|  design_1_i/processing_system7_0/inst/FCLK_CLK0 | design_1_i/axi_mem_intercon/s00_couplers/auto_us/inst/gen_upsizer.gen_full_upsizer.axi_upsizer_inst/si_register_slice_inst/ar.ar_pipe/E[0]                                                                                                                   |                                                                                                                                                                                                                                                                               |                5 |             36 |         7.20 |
|  design_1_i/processing_system7_0/inst/FCLK_CLK0 | design_1_i/axi_mem_intercon/s00_couplers/auto_us/inst/gen_upsizer.gen_full_upsizer.axi_upsizer_inst/si_register_slice_inst/aw.aw_pipe/E[0]                                                                                                                   |                                                                                                                                                                                                                                                                               |                7 |             36 |         5.14 |
|  design_1_i/processing_system7_0/inst/FCLK_CLK0 | design_1_i/axi_mem_intercon/s00_couplers/auto_pc/inst/gen_axi4_axi3.axi3_conv_inst/USE_WRITE.write_addr_inst/E[0]                                                                                                                                            | design_1_i/axi_mem_intercon/s00_couplers/auto_pc/inst/gen_axi4_axi3.axi3_conv_inst/USE_WRITE.write_addr_inst/USE_BURSTS.cmd_queue/inst/SR[0]                                                                                                                                  |                9 |             37 |         4.11 |
|  design_1_i/processing_system7_0/inst/FCLK_CLK0 | design_1_i/axi_mem_intercon/s00_couplers/auto_pc/inst/gen_axi4_axi3.axi3_conv_inst/USE_READ.USE_SPLIT_R.read_addr_inst/E[0]                                                                                                                                  | design_1_i/axi_mem_intercon/s00_couplers/auto_pc/inst/gen_axi4_axi3.axi3_conv_inst/USE_WRITE.write_addr_inst/USE_BURSTS.cmd_queue/inst/SR[0]                                                                                                                                  |                8 |             37 |         4.62 |
|  design_1_i/processing_system7_0/inst/FCLK_CLK0 |                                                                                                                                                                                                                                                              |                                                                                                                                                                                                                                                                               |               16 |             42 |         2.62 |
|  design_1_i/processing_system7_0/inst/FCLK_CLK0 | design_1_i/axi_master_adapter_0/inst/m_axi_awaddr[31]_i_1_n_0                                                                                                                                                                                                | design_1_i/rst_ps7_0_50M/U0/peripheral_aresetn[0]                                                                                                                                                                                                                             |               12 |             64 |         5.33 |
|  design_1_i/processing_system7_0/inst/FCLK_CLK0 | design_1_i/axi_mem_intercon/s00_couplers/auto_us/inst/gen_upsizer.gen_full_upsizer.axi_upsizer_inst/USE_READ.read_addr_inst/GEN_CMD_QUEUE.cmd_queue/s_axi_rready_0[0]                                                                                        |                                                                                                                                                                                                                                                                               |                9 |             65 |         7.22 |
|  design_1_i/processing_system7_0/inst/FCLK_CLK0 | design_1_i/axi_mem_intercon/s00_couplers/auto_us/inst/gen_upsizer.gen_full_upsizer.axi_upsizer_inst/USE_READ.gen_non_fifo_r_upsizer.mi_register_slice_inst/r.r_pipe/s_ready_i_reg_0                                                                          |                                                                                                                                                                                                                                                                               |               12 |             65 |         5.42 |
|  design_1_i/processing_system7_0/inst/FCLK_CLK0 | design_1_i/RISCV_EYE_CORE_0/inst/inst_sv_top/core_inst/if_id_register_inst/instruction_decode_out[31]_i_1_n_0                                                                                                                                                | design_1_i/rst_ps7_0_50M/U0/peripheral_aresetn[0]                                                                                                                                                                                                                             |               19 |             96 |         5.05 |
|  design_1_i/processing_system7_0/inst/FCLK_CLK0 | design_1_i/RISCV_EYE_CORE_0/inst/inst_sv_top/core_inst/mem_wb_register_inst/read_data_out[31]_i_1_n_0                                                                                                                                                        | design_1_i/rst_ps7_0_50M/U0/peripheral_aresetn[0]                                                                                                                                                                                                                             |               30 |            104 |         3.47 |
|  design_1_i/processing_system7_0/inst/FCLK_CLK0 | design_1_i/RISCV_EYE_CORE_0/inst/inst_sv_top/core_inst/ex_mem_register_inst/mem_read_enable_out_i_1_n_0                                                                                                                                                      | design_1_i/rst_ps7_0_50M/U0/peripheral_aresetn[0]                                                                                                                                                                                                                             |               24 |            106 |         4.42 |
|  design_1_i/processing_system7_0/inst/FCLK_CLK0 | design_1_i/RISCV_EYE_CORE_0/inst/inst_sv_top/core_inst/id_ex_register_inst/read_data1_out[31]_i_1_n_0                                                                                                                                                        | design_1_i/rst_ps7_0_50M/U0/peripheral_aresetn[0]                                                                                                                                                                                                                             |               48 |            189 |         3.94 |
+-------------------------------------------------+--------------------------------------------------------------------------------------------------------------------------------------------------------------------------------------------------------------------------------------------------------------+-------------------------------------------------------------------------------------------------------------------------------------------------------------------------------------------------------------------------------------------------------------------------------+------------------+----------------+--------------+


