
*** Running vivado
    with args -log risc_v_eye_top.vdi -applog -m64 -product Vivado -messageDb vivado.pb -mode batch -source risc_v_eye_top.tcl -notrace


****** Vivado v2024.2 (64-bit)
  **** SW Build 5239630 on Fri Nov 08 22:34:34 MST 2024
  **** IP Build 5239520 on Sun Nov 10 16:12:51 MST 2024
  **** SharedData Build 5239561 on Fri Nov 08 14:39:27 MST 2024
  **** Start of session at: Sun Dec 28 10:49:57 2025
    ** Copyright 1986-2022 Xilinx, Inc. All Rights Reserved.
    ** Copyright 2022-2024 Advanced Micro Devices, Inc. All Rights Reserved.

source risc_v_eye_top.tcl -notrace
Command: link_design -top risc_v_eye_top -part xc7z020clg400-1
Design is defaulting to srcset: sources_1
Design is defaulting to constrset: constrs_1
INFO: [Device 21-403] Loading part xc7z020clg400-1
Netlist sorting complete. Time (s): cpu = 00:00:00.02 ; elapsed = 00:00:00.02 . Memory (MB): peak = 1520.602 ; gain = 0.000 ; free physical = 1886 ; free virtual = 11069
INFO: [Netlist 29-17] Analyzing 296 Unisim elements for replacement
INFO: [Netlist 29-28] Unisim Transformation completed in 0 CPU seconds
INFO: [Project 1-479] Netlist was created with Vivado 2024.2
INFO: [Project 1-570] Preparing netlist for logic optimization
Parsing XDC File [/home/tuna-gun/GradProject/RISC-V_EYE/RISC-V_EYE_Pipelined_Core/RISC-V_EYE_Pipelined_Core.srcs/constrs_1/new/constr.xdc]
Finished Parsing XDC File [/home/tuna-gun/GradProject/RISC-V_EYE/RISC-V_EYE_Pipelined_Core/RISC-V_EYE_Pipelined_Core.srcs/constrs_1/new/constr.xdc]
INFO: [Opt 31-138] Pushed 0 inverter(s) to 0 load pin(s).
Netlist sorting complete. Time (s): cpu = 00:00:00 ; elapsed = 00:00:00 . Memory (MB): peak = 1712.113 ; gain = 0.000 ; free physical = 1803 ; free virtual = 10983
INFO: [Project 1-111] Unisim Transformation Summary:
No Unisim elements were transformed.

7 Infos, 0 Warnings, 0 Critical Warnings and 0 Errors encountered.
link_design completed successfully
link_design: Time (s): cpu = 00:00:08 ; elapsed = 00:00:08 . Memory (MB): peak = 1716.082 ; gain = 278.855 ; free physical = 1792 ; free virtual = 10972
Command: opt_design
Attempting to get a license for feature 'Implementation' and/or device 'xc7z020'
INFO: [Common 17-349] Got license for feature 'Implementation' and/or device 'xc7z020'
Running DRC as a precondition to command opt_design

Starting DRC Task
INFO: [DRC 23-27] Running DRC with 4 threads
INFO: [Project 1-461] DRC finished with 0 Errors
INFO: [Project 1-462] Please refer to the DRC report (report_drc) for more information.

Time (s): cpu = 00:00:02 ; elapsed = 00:00:01 . Memory (MB): peak = 1766.645 ; gain = 50.562 ; free physical = 1705 ; free virtual = 10886

Starting Cache Timing Information Task
INFO: [Timing 38-35] Done setting XDC timing constraints.
Ending Cache Timing Information Task | Checksum: 137aeb4b5

Time (s): cpu = 00:00:10 ; elapsed = 00:00:10 . Memory (MB): peak = 2239.473 ; gain = 472.828 ; free physical = 1299 ; free virtual = 10480

Starting Logic Optimization Task

Phase 1 Initialization

Phase 1.1 Core Generation And Design Setup
Phase 1.1 Core Generation And Design Setup | Checksum: 137aeb4b5

Time (s): cpu = 00:00:00 ; elapsed = 00:00:00 . Memory (MB): peak = 2582.395 ; gain = 0.000 ; free physical = 963 ; free virtual = 10143

Phase 1.2 Setup Constraints And Sort Netlist
Phase 1.2 Setup Constraints And Sort Netlist | Checksum: 137aeb4b5

Time (s): cpu = 00:00:00.01 ; elapsed = 00:00:00.01 . Memory (MB): peak = 2582.395 ; gain = 0.000 ; free physical = 959 ; free virtual = 10139
Phase 1 Initialization | Checksum: 137aeb4b5

Time (s): cpu = 00:00:00.01 ; elapsed = 00:00:00.01 . Memory (MB): peak = 2582.395 ; gain = 0.000 ; free physical = 959 ; free virtual = 10139

Phase 2 Timer Update And Timing Data Collection

Phase 2.1 Timer Update
Phase 2.1 Timer Update | Checksum: 137aeb4b5

Time (s): cpu = 00:00:00.13 ; elapsed = 00:00:00.09 . Memory (MB): peak = 2582.395 ; gain = 0.000 ; free physical = 959 ; free virtual = 10139

Phase 2.2 Timing Data Collection
Phase 2.2 Timing Data Collection | Checksum: 137aeb4b5

Time (s): cpu = 00:00:00.14 ; elapsed = 00:00:00.09 . Memory (MB): peak = 2582.395 ; gain = 0.000 ; free physical = 959 ; free virtual = 10139
Phase 2 Timer Update And Timing Data Collection | Checksum: 137aeb4b5

Time (s): cpu = 00:00:00.14 ; elapsed = 00:00:00.1 . Memory (MB): peak = 2582.395 ; gain = 0.000 ; free physical = 959 ; free virtual = 10139

Phase 3 Retarget
INFO: [Opt 31-1851] Number of loadless carry chains removed were: 0
INFO: [Opt 31-1834] Total Chains To Be Transformed Were: 0 AND Number of Transformed insts Created are: 0
INFO: [Opt 31-138] Pushed 0 inverter(s) to 0 load pin(s).
INFO: [Opt 31-49] Retargeted 0 cell(s).
Phase 3 Retarget | Checksum: 137aeb4b5

Time (s): cpu = 00:00:00.2 ; elapsed = 00:00:00.17 . Memory (MB): peak = 2582.395 ; gain = 0.000 ; free physical = 959 ; free virtual = 10139
Retarget | Checksum: 137aeb4b5
INFO: [Opt 31-389] Phase Retarget created 0 cells and removed 0 cells

Phase 4 Constant propagation
INFO: [Opt 31-138] Pushed 0 inverter(s) to 0 load pin(s).
Phase 4 Constant propagation | Checksum: 66659912

Time (s): cpu = 00:00:00.23 ; elapsed = 00:00:00.19 . Memory (MB): peak = 2582.395 ; gain = 0.000 ; free physical = 959 ; free virtual = 10139
Constant propagation | Checksum: 66659912
INFO: [Opt 31-389] Phase Constant propagation created 0 cells and removed 0 cells

Phase 5 Sweep
INFO: [Constraints 18-11670] Building netlist checker database with flags, 0x8
Done building netlist checker database: Time (s): cpu = 00:00:00 ; elapsed = 00:00:00 . Memory (MB): peak = 2582.395 ; gain = 0.000 ; free physical = 959 ; free virtual = 10139
Phase 5 Sweep | Checksum: 13712690d

Time (s): cpu = 00:00:00.27 ; elapsed = 00:00:00.23 . Memory (MB): peak = 2582.395 ; gain = 0.000 ; free physical = 959 ; free virtual = 10139
Sweep | Checksum: 13712690d
INFO: [Opt 31-389] Phase Sweep created 0 cells and removed 0 cells

Phase 6 BUFG optimization
Phase 6 BUFG optimization | Checksum: 13712690d

Time (s): cpu = 00:00:00.32 ; elapsed = 00:00:00.28 . Memory (MB): peak = 2614.410 ; gain = 32.016 ; free physical = 959 ; free virtual = 10139
BUFG optimization | Checksum: 13712690d
INFO: [Opt 31-662] Phase BUFG optimization created 0 cells of which 0 are BUFGs and removed 0 cells.

Phase 7 Shift Register Optimization
INFO: [Opt 31-1064] SRL Remap converted 0 SRLs to 0 registers and converted 0 registers of register chains to 0 SRLs
Phase 7 Shift Register Optimization | Checksum: 13712690d

Time (s): cpu = 00:00:00.33 ; elapsed = 00:00:00.28 . Memory (MB): peak = 2614.410 ; gain = 32.016 ; free physical = 959 ; free virtual = 10139
Shift Register Optimization | Checksum: 13712690d
INFO: [Opt 31-389] Phase Shift Register Optimization created 0 cells and removed 0 cells

Phase 8 Post Processing Netlist
Phase 8 Post Processing Netlist | Checksum: 13712690d

Time (s): cpu = 00:00:00.34 ; elapsed = 00:00:00.29 . Memory (MB): peak = 2614.410 ; gain = 32.016 ; free physical = 959 ; free virtual = 10139
Post Processing Netlist | Checksum: 13712690d
INFO: [Opt 31-389] Phase Post Processing Netlist created 0 cells and removed 0 cells

Phase 9 Finalization

Phase 9.1 Finalizing Design Cores and Updating Shapes
Phase 9.1 Finalizing Design Cores and Updating Shapes | Checksum: d2aaf4fe

Time (s): cpu = 00:00:00.37 ; elapsed = 00:00:00.33 . Memory (MB): peak = 2614.410 ; gain = 32.016 ; free physical = 959 ; free virtual = 10139

Phase 9.2 Verifying Netlist Connectivity

Starting Connectivity Check Task

Time (s): cpu = 00:00:00.01 ; elapsed = 00:00:00.01 . Memory (MB): peak = 2614.410 ; gain = 0.000 ; free physical = 959 ; free virtual = 10139
Phase 9.2 Verifying Netlist Connectivity | Checksum: d2aaf4fe

Time (s): cpu = 00:00:00.38 ; elapsed = 00:00:00.34 . Memory (MB): peak = 2614.410 ; gain = 32.016 ; free physical = 959 ; free virtual = 10139
Phase 9 Finalization | Checksum: d2aaf4fe

Time (s): cpu = 00:00:00.38 ; elapsed = 00:00:00.34 . Memory (MB): peak = 2614.410 ; gain = 32.016 ; free physical = 959 ; free virtual = 10139
Opt_design Change Summary
=========================


-------------------------------------------------------------------------------------------------------------------------
|  Phase                        |  #Cells created  |  #Cells Removed  |  #Constrained objects preventing optimizations  |
-------------------------------------------------------------------------------------------------------------------------
|  Retarget                     |               0  |               0  |                                              0  |
|  Constant propagation         |               0  |               0  |                                              0  |
|  Sweep                        |               0  |               0  |                                              0  |
|  BUFG optimization            |               0  |               0  |                                              0  |
|  Shift Register Optimization  |               0  |               0  |                                              0  |
|  Post Processing Netlist      |               0  |               0  |                                              0  |
-------------------------------------------------------------------------------------------------------------------------


Ending Logic Optimization Task | Checksum: d2aaf4fe

Time (s): cpu = 00:00:00.38 ; elapsed = 00:00:00.34 . Memory (MB): peak = 2614.410 ; gain = 32.016 ; free physical = 959 ; free virtual = 10139

Starting Power Optimization Task
INFO: [Pwropt 34-132] Skipping clock gating for clocks with a period < 2.00 ns.
Ending Power Optimization Task | Checksum: d2aaf4fe

Time (s): cpu = 00:00:00.01 ; elapsed = 00:00:00.01 . Memory (MB): peak = 2614.410 ; gain = 0.000 ; free physical = 959 ; free virtual = 10139

Starting Final Cleanup Task
Ending Final Cleanup Task | Checksum: d2aaf4fe

Time (s): cpu = 00:00:00 ; elapsed = 00:00:00.01 . Memory (MB): peak = 2614.410 ; gain = 0.000 ; free physical = 959 ; free virtual = 10139

Starting Netlist Obfuscation Task
Netlist sorting complete. Time (s): cpu = 00:00:00 ; elapsed = 00:00:00 . Memory (MB): peak = 2614.410 ; gain = 0.000 ; free physical = 959 ; free virtual = 10139
Ending Netlist Obfuscation Task | Checksum: d2aaf4fe

Time (s): cpu = 00:00:00 ; elapsed = 00:00:00 . Memory (MB): peak = 2614.410 ; gain = 0.000 ; free physical = 959 ; free virtual = 10139
INFO: [Common 17-83] Releasing license: Implementation
27 Infos, 0 Warnings, 0 Critical Warnings and 0 Errors encountered.
opt_design completed successfully
opt_design: Time (s): cpu = 00:00:16 ; elapsed = 00:00:15 . Memory (MB): peak = 2614.410 ; gain = 898.328 ; free physical = 959 ; free virtual = 10139
INFO: [Vivado 12-24828] Executing command : report_drc -file risc_v_eye_top_drc_opted.rpt -pb risc_v_eye_top_drc_opted.pb -rpx risc_v_eye_top_drc_opted.rpx
Command: report_drc -file risc_v_eye_top_drc_opted.rpt -pb risc_v_eye_top_drc_opted.pb -rpx risc_v_eye_top_drc_opted.rpx
INFO: [IP_Flow 19-234] Refreshing IP repositories
INFO: [IP_Flow 19-1704] No user IP repositories specified
INFO: [IP_Flow 19-2313] Loaded Vivado IP repository '/tools/Xilinx/Vivado/2024.2/data/ip'.
INFO: [DRC 23-27] Running DRC with 4 threads
INFO: [Vivado_Tcl 2-168] The results of DRC are in file /home/tuna-gun/GradProject/RISC-V_EYE/RISC-V_EYE_Pipelined_Core/RISC-V_EYE_Pipelined_Core.runs/impl_1/risc_v_eye_top_drc_opted.rpt.
report_drc completed successfully
INFO: [Timing 38-480] Writing timing data to binary archive.
Wrote PlaceDB: Time (s): cpu = 00:00:00 ; elapsed = 00:00:00 . Memory (MB): peak = 2614.410 ; gain = 0.000 ; free physical = 919 ; free virtual = 10102
Wrote PulsedLatchDB: Time (s): cpu = 00:00:00 ; elapsed = 00:00:00 . Memory (MB): peak = 2614.410 ; gain = 0.000 ; free physical = 919 ; free virtual = 10102
Writing XDEF routing.
Write ShapeDB Complete: Time (s): cpu = 00:00:00.02 ; elapsed = 00:00:00.01 . Memory (MB): peak = 2614.410 ; gain = 0.000 ; free physical = 919 ; free virtual = 10102
Writing XDEF routing logical nets.
Writing XDEF routing special nets.
Wrote RouteStorage: Time (s): cpu = 00:00:00.22 ; elapsed = 00:00:00.1 . Memory (MB): peak = 2614.410 ; gain = 0.000 ; free physical = 919 ; free virtual = 10102
Wrote Netlist Cache: Time (s): cpu = 00:00:00 ; elapsed = 00:00:00 . Memory (MB): peak = 2614.410 ; gain = 0.000 ; free physical = 919 ; free virtual = 10102
Wrote Device Cache: Time (s): cpu = 00:00:00.05 ; elapsed = 00:00:00.02 . Memory (MB): peak = 2614.410 ; gain = 0.000 ; free physical = 919 ; free virtual = 10103
Write Physdb Complete: Time (s): cpu = 00:00:00.29 ; elapsed = 00:00:00.13 . Memory (MB): peak = 2614.410 ; gain = 0.000 ; free physical = 919 ; free virtual = 10103
INFO: [Common 17-1381] The checkpoint '/home/tuna-gun/GradProject/RISC-V_EYE/RISC-V_EYE_Pipelined_Core/RISC-V_EYE_Pipelined_Core.runs/impl_1/risc_v_eye_top_opt.dcp' has been generated.
Command: place_design
Attempting to get a license for feature 'Implementation' and/or device 'xc7z020'
INFO: [Common 17-349] Got license for feature 'Implementation' and/or device 'xc7z020'
INFO: [Common 17-83] Releasing license: Implementation
INFO: [DRC 23-27] Running DRC with 4 threads
INFO: [Vivado_Tcl 4-198] DRC finished with 0 Errors
INFO: [Vivado_Tcl 4-199] Please refer to the DRC report (report_drc) for more information.
Running DRC as a precondition to command place_design
INFO: [DRC 23-27] Running DRC with 4 threads
INFO: [Vivado_Tcl 4-198] DRC finished with 0 Errors
INFO: [Vivado_Tcl 4-199] Please refer to the DRC report (report_drc) for more information.
INFO: [Place 30-611] Multithreading enabled for place_design using a maximum of 4 CPUs

Starting Placer Task

Phase 1 Placer Initialization

Phase 1.1 Placer Initialization Netlist Sorting
Netlist sorting complete. Time (s): cpu = 00:00:00 ; elapsed = 00:00:00 . Memory (MB): peak = 2614.410 ; gain = 0.000 ; free physical = 947 ; free virtual = 10131
Phase 1.1 Placer Initialization Netlist Sorting | Checksum: 855f26a5

Time (s): cpu = 00:00:00 ; elapsed = 00:00:00 . Memory (MB): peak = 2614.410 ; gain = 0.000 ; free physical = 947 ; free virtual = 10131
Netlist sorting complete. Time (s): cpu = 00:00:00 ; elapsed = 00:00:00 . Memory (MB): peak = 2614.410 ; gain = 0.000 ; free physical = 947 ; free virtual = 10131

Phase 1.2 IO Placement/ Clock Placement/ Build Placer Device
INFO: [Timing 38-35] Done setting XDC timing constraints.
ERROR: [Place 30-58] IO placement is infeasible. Number of unplaced IO Ports (163) is greater than number of available pins (75).
The following are banks with available pins: 
 IO Group: 0 with : SioStd: LVCMOS18   VCCO = 1.8 Termination: 0  TermDir:  Out  RangeId: 1 Drv: 12  has only 75 sites available on device, but needs 98 sites.
	Term: data_memory_addr_out[0]
	Term: data_memory_addr_out[1]
	Term: data_memory_addr_out[2]
	Term: data_memory_addr_out[3]
	Term: data_memory_addr_out[4]
	Term: data_memory_addr_out[5]
	Term: data_memory_addr_out[6]
	Term: data_memory_addr_out[7]
	Term: data_memory_addr_out[8]
	Term: data_memory_addr_out[9]
	Term: data_memory_addr_out[10]
	Term: data_memory_addr_out[11]
	Term: data_memory_addr_out[12]
	Term: data_memory_addr_out[13]
	Term: data_memory_addr_out[14]
	Term: data_memory_addr_out[15]
	Term: data_memory_addr_out[16]
	Term: data_memory_addr_out[17]
	Term: data_memory_addr_out[18]
	Term: data_memory_addr_out[19]
	Term: data_memory_addr_out[20]
	Term: data_memory_addr_out[21]
	Term: data_memory_addr_out[22]
	Term: data_memory_addr_out[23]
	Term: data_memory_addr_out[24]
	Term: data_memory_addr_out[25]
	Term: data_memory_addr_out[26]
	Term: data_memory_addr_out[27]
	Term: data_memory_addr_out[28]
	Term: data_memory_addr_out[29]
	Term: data_memory_addr_out[30]
	Term: data_memory_addr_out[31]
	Term: data_memory_write_data_out[0]
	Term: data_memory_write_data_out[1]
	Term: data_memory_write_data_out[2]
	Term: data_memory_write_data_out[3]
	Term: data_memory_write_data_out[4]
	Term: data_memory_write_data_out[5]
	Term: data_memory_write_data_out[6]
	Term: data_memory_write_data_out[7]
	Term: data_memory_write_data_out[8]
	Term: data_memory_write_data_out[9]
	Term: data_memory_write_data_out[10]
	Term: data_memory_write_data_out[11]
	Term: data_memory_write_data_out[12]
	Term: data_memory_write_data_out[13]
	Term: data_memory_write_data_out[14]
	Term: data_memory_write_data_out[15]
	Term: data_memory_write_data_out[16]
	Term: data_memory_write_data_out[17]
	Term: data_memory_write_data_out[18]
	Term: data_memory_write_data_out[19]
	Term: data_memory_write_data_out[20]
	Term: data_memory_write_data_out[21]
	Term: data_memory_write_data_out[22]
	Term: data_memory_write_data_out[23]
	Term: data_memory_write_data_out[24]
	Term: data_memory_write_data_out[25]
	Term: data_memory_write_data_out[26]
	Term: data_memory_write_data_out[27]
	Term: data_memory_write_data_out[28]
	Term: data_memory_write_data_out[29]
	Term: data_memory_write_data_out[30]
	Term: data_memory_write_data_out[31]
	Term: instruction_memory_addr_out[0]
	Term: instruction_memory_addr_out[1]
	Term: instruction_memory_addr_out[2]
	Term: instruction_memory_addr_out[3]
	Term: instruction_memory_addr_out[4]
	Term: instruction_memory_addr_out[5]
	Term: instruction_memory_addr_out[6]
	Term: instruction_memory_addr_out[7]
	Term: instruction_memory_addr_out[8]
	Term: instruction_memory_addr_out[9]
	Term: instruction_memory_addr_out[10]
	Term: instruction_memory_addr_out[11]
	Term: instruction_memory_addr_out[12]
	Term: instruction_memory_addr_out[13]
	Term: instruction_memory_addr_out[14]
	Term: instruction_memory_addr_out[15]
	Term: instruction_memory_addr_out[16]
	Term: instruction_memory_addr_out[17]
	Term: instruction_memory_addr_out[18]
	Term: instruction_memory_addr_out[19]
	Term: instruction_memory_addr_out[20]
	Term: instruction_memory_addr_out[21]
	Term: instruction_memory_addr_out[22]
	Term: instruction_memory_addr_out[23]
	Term: instruction_memory_addr_out[24]
	Term: instruction_memory_addr_out[25]
	Term: instruction_memory_addr_out[26]
	Term: instruction_memory_addr_out[27]
	Term: instruction_memory_addr_out[28]
	Term: instruction_memory_addr_out[29]
	Term: instruction_memory_addr_out[30]
	Term: instruction_memory_addr_out[31]
	Term: data_memory_read_enable_out
	Term: data_memory_write_enable_out


Resolution: Consider using Xilinx part with greater number of IO pins
ERROR: [Place 30-374] IO placer failed to find a solution
Below is the partial placement that can be analyzed to see if any constraint modifications will make the IO placement problem easier to solve.

+-------------------------------------------------------------------------------------------------------------------------------------------------------------------------+
|                                                                     IO Placement : Bank Stats                                                                           |
+----+-------+-------+------------------------------------------------------------------------+------------------------------------------+--------+--------+--------+-----+
| Id | Pins  | Terms |                               Standards                                |                IDelayCtrls               |  VREF  |  VCCO  |   VR   | DCI |
+----+-------+-------+------------------------------------------------------------------------+------------------------------------------+--------+--------+--------+-----+
|  0 |     0 |     0 |                                                                        |                                          |        |        |        |     |
| 13 |    25 |     0 |                                                                        |                                          |        |        |        |     |
| 34 |    50 |     0 |                                                                        |                                          |        |        |        |     |
| 35 |    50 |     2 | LVCMOS33(2)                                                            |                                          |        |  +3.30 |    YES |     |
+----+-------+-------+------------------------------------------------------------------------+------------------------------------------+--------+--------+--------+-----+
|    |   125 |     2 |                                                                        |                                          |        |        |        |     |
+----+-------+-------+------------------------------------------------------------------------+------------------------------------------+--------+--------+--------+-----+

IO Placement:
+--------+----------------------+-----------------+----------------------+----------------------+----------------------+
| BankId |             Terminal | Standard        | Site                 | Pin                  | Attributes           |
+--------+----------------------+-----------------+----------------------+----------------------+----------------------+
| 35     | clk                  | LVCMOS33        | IOB_X1Y126           | K17                  |                      |
|        | reset                | LVCMOS33        | IOB_X1Y125           | K18                  |                      |
+--------+----------------------+-----------------+----------------------+----------------------+----------------------+

Phase 1.2 IO Placement/ Clock Placement/ Build Placer Device | Checksum: 516db708

Time (s): cpu = 00:00:01 ; elapsed = 00:00:00.85 . Memory (MB): peak = 2614.410 ; gain = 0.000 ; free physical = 921 ; free virtual = 10102
Phase 1 Placer Initialization | Checksum: 516db708

Time (s): cpu = 00:00:01 ; elapsed = 00:00:00.85 . Memory (MB): peak = 2614.410 ; gain = 0.000 ; free physical = 921 ; free virtual = 10102
ERROR: [Place 30-99] Placer failed with error: 'IO Clock Placer failed'
Please review all ERROR, CRITICAL WARNING, and WARNING messages during placement to understand the cause for failure.
Ending Placer Task | Checksum: 516db708

Time (s): cpu = 00:00:01 ; elapsed = 00:00:00.86 . Memory (MB): peak = 2614.410 ; gain = 0.000 ; free physical = 920 ; free virtual = 10101
45 Infos, 0 Warnings, 0 Critical Warnings and 4 Errors encountered.
place_design failed
ERROR: [Common 17-69] Command failed: Placer could not place all instances
INFO: [Common 17-206] Exiting Vivado at Sun Dec 28 10:50:31 2025...
