#-----------------------------------------------------------
# Vivado v2024.2 (64-bit)
# SW Build 5239630 on Fri Nov 08 22:34:34 MST 2024
# IP Build 5239520 on Sun Nov 10 16:12:51 MST 2024
# SharedData Build 5239561 on Fri Nov 08 14:39:27 MST 2024
# Start of session at: Wed Jan 14 22:20:30 2026
# Process ID         : 118196
# Current directory  : /home/tuna-gun/GradProject/RISC-V_EYE/RISC-V_EYE_Pipelined_Core/RISC-V_EYE_Pipelined_Core.runs/synth_1
# Command line       : vivado -log system_top_eye.vds -product Vivado -mode batch -messageDb vivado.pb -notrace -source system_top_eye.tcl
# Log file           : /home/tuna-gun/GradProject/RISC-V_EYE/RISC-V_EYE_Pipelined_Core/RISC-V_EYE_Pipelined_Core.runs/synth_1/system_top_eye.vds
# Journal file       : /home/tuna-gun/GradProject/RISC-V_EYE/RISC-V_EYE_Pipelined_Core/RISC-V_EYE_Pipelined_Core.runs/synth_1/vivado.jou
# Running On         : tunagun
# Platform           : Ubuntu
# Operating System   : Ubuntu 24.04.3 LTS
# Processor Detail   : Intel(R) Core(TM) i5-10300H CPU @ 2.50GHz
# CPU Frequency      : 2500.019 MHz
# CPU Physical cores : 4
# CPU Logical cores  : 4
# Host memory        : 16631 MB
# Swap memory        : 4294 MB
# Total Virtual      : 20926 MB
# Available Virtual  : 13425 MB
#-----------------------------------------------------------
source system_top_eye.tcl -notrace
